Component: ARM Compiler 5.06 update 6 (build 750) Tool: armlink [4d35ed]

==============================================================================

Section Cross References

    main.o(.text) refers to timer.o(.text) for SysTickConfig
    main.o(.text) refers to modrol_key.o(.text) for Key_Gpio
    main.o(.text) refers to usart.o(.text) for uart_init
    main.o(.text) refers to oled.o(.text) for OLED_Init
    main.o(.text) refers to slave_rtu.o(.text) for Modbus_Poll_Init
    main.o(.text) refers to usart.o(.data) for dataStorage
    main.o(.text) refers to main.o(.bss) for uint8_array
    system_stm32f4xx.o(.text) refers to system_stm32f4xx.o(.data) for SystemCoreClock
    startup_stm32f40_41xxx.o(RESET) refers to startup_stm32f40_41xxx.o(STACK) for __initial_sp
    startup_stm32f40_41xxx.o(RESET) refers to startup_stm32f40_41xxx.o(.text) for Reset_Handler
    startup_stm32f40_41xxx.o(RESET) refers to stm32f4xx_it.o(.text) for NMI_Handler
    startup_stm32f40_41xxx.o(RESET) refers to timer.o(.text) for TIM3_IRQHandler
    startup_stm32f40_41xxx.o(RESET) refers to usart.o(.text) for USART1_IRQHandler
    startup_stm32f40_41xxx.o(RESET) refers to dma.o(.text) for DMA2_Stream5_IRQHandler
    startup_stm32f40_41xxx.o(.text) refers to system_stm32f4xx.o(.text) for SystemInit
    startup_stm32f40_41xxx.o(.text) refers to entry.o(.ARM.Collect$$$$00000000) for __main
    stm32f4xx_adc.o(.text) refers to stm32f4xx_rcc.o(.text) for RCC_APB2PeriphResetCmd
    stm32f4xx_can.o(.text) refers to stm32f4xx_rcc.o(.text) for RCC_APB1PeriphResetCmd
    stm32f4xx_cryp.o(.text) refers to stm32f4xx_rcc.o(.text) for RCC_AHB2PeriphResetCmd
    stm32f4xx_cryp_aes.o(.text) refers to stm32f4xx_cryp.o(.text) for CRYP_KeyStructInit
    stm32f4xx_cryp_des.o(.text) refers to stm32f4xx_cryp.o(.text) for CRYP_KeyStructInit
    stm32f4xx_cryp_tdes.o(.text) refers to stm32f4xx_cryp.o(.text) for CRYP_KeyStructInit
    stm32f4xx_dac.o(.text) refers to stm32f4xx_rcc.o(.text) for RCC_APB1PeriphResetCmd
    stm32f4xx_dma2d.o(.text) refers to stm32f4xx_rcc.o(.text) for RCC_AHB1PeriphResetCmd
    stm32f4xx_fsmc.o(.text) refers to stm32f4xx_fsmc.o(.constdata) for FSMC_DefaultTimingStruct
    stm32f4xx_gpio.o(.text) refers to stm32f4xx_rcc.o(.text) for RCC_AHB1PeriphResetCmd
    stm32f4xx_hash.o(.text) refers to stm32f4xx_rcc.o(.text) for RCC_AHB2PeriphResetCmd
    stm32f4xx_hash_md5.o(.text) refers to stm32f4xx_hash.o(.text) for HASH_DeInit
    stm32f4xx_hash_sha1.o(.text) refers to stm32f4xx_hash.o(.text) for HASH_DeInit
    stm32f4xx_i2c.o(.text) refers to stm32f4xx_rcc.o(.text) for RCC_APB1PeriphResetCmd
    stm32f4xx_ltdc.o(.text) refers to stm32f4xx_rcc.o(.text) for RCC_APB2PeriphResetCmd
    stm32f4xx_pwr.o(.text) refers to stm32f4xx_rcc.o(.text) for RCC_APB1PeriphResetCmd
    stm32f4xx_rcc.o(.text) refers to stm32f4xx_rcc.o(.data) for APBAHBPrescTable
    stm32f4xx_rng.o(.text) refers to stm32f4xx_rcc.o(.text) for RCC_AHB2PeriphResetCmd
    stm32f4xx_sai.o(.text) refers to stm32f4xx_rcc.o(.text) for RCC_APB2PeriphResetCmd
    stm32f4xx_sdio.o(.text) refers to stm32f4xx_rcc.o(.text) for RCC_APB2PeriphResetCmd
    stm32f4xx_spi.o(.text) refers to stm32f4xx_rcc.o(.text) for RCC_APB2PeriphResetCmd
    stm32f4xx_syscfg.o(.text) refers to stm32f4xx_rcc.o(.text) for RCC_APB2PeriphResetCmd
    stm32f4xx_tim.o(.text) refers to stm32f4xx_rcc.o(.text) for RCC_APB2PeriphResetCmd
    stm32f4xx_usart.o(.text) refers to stm32f4xx_rcc.o(.text) for RCC_APB2PeriphResetCmd
    stm32f4xx_wwdg.o(.text) refers to stm32f4xx_rcc.o(.text) for RCC_APB1PeriphResetCmd
    timer.o(.text) refers to stm32f4xx_rcc.o(.text) for RCC_AHB1PeriphClockCmd
    timer.o(.text) refers to stm32f4xx_gpio.o(.text) for GPIO_Init
    timer.o(.text) refers to stm32f4xx_tim.o(.text) for TIM_TimeBaseInit
    timer.o(.text) refers to misc.o(.text) for NVIC_Init
    timer.o(.text) refers to modrol_key.o(.text) for keyHandle
    timer.o(.text) refers to modrol_menu.o(.text) for showMenu
    timer.o(.text) refers to system_stm32f4xx.o(.data) for SystemCoreClock
    timer.o(.text) refers to modrol_key.o(.data) for keys
    timer.o(.text) refers to timer.o(.data) for TIM1MS
    timer.o(.text) refers to modrol_key.o(.bss) for key
    oled.o(.text) refers to stm32f4xx_gpio.o(.text) for GPIO_SetBits
    oled.o(.text) refers to oled.o(.constdata) for F8X16
    oled.o(.text) refers to oled.o(.bss) for OLED_GRAM
    oled.o(.text) refers to stm32f4xx_rcc.o(.text) for RCC_AHB1PeriphClockCmd
    oled.o(.text) refers to oled.o(.data) for Hzk
    usart.o(.text) refers to stm32f4xx_rcc.o(.text) for RCC_AHB1PeriphClockCmd
    usart.o(.text) refers to stm32f4xx_gpio.o(.text) for GPIO_PinAFConfig
    usart.o(.text) refers to stm32f4xx_usart.o(.text) for USART_Init
    usart.o(.text) refers to misc.o(.text) for NVIC_Init
    usart.o(.text) refers to dma.o(.text) for u2DMA_RX_Config
    usart.o(.text) refers to stm32f4xx_dma.o(.text) for DMA_GetCurrDataCounter
[...]
    printf8.o(i._printf_core) refers to printf8.o(i._printf_post_padding) for _printf_post_padding
    printfa.o(i.__0fprintf) refers (Special) to iusefp.o(.text) for __I$use$fp
    printfa.o(i.__0fprintf) refers to printfa.o(i._printf_core) for _printf_core
    printfa.o(i.__0fprintf) refers to usart.o(.text) for fputc
    printfa.o(i.__0printf) refers (Special) to iusefp.o(.text) for __I$use$fp
    printfa.o(i.__0printf) refers to printfa.o(i._printf_core) for _printf_core
    printfa.o(i.__0printf) refers to usart.o(.text) for fputc
    printfa.o(i.__0printf) refers to usart.o(.data) for __stdout
    printfa.o(i.__0snprintf) refers (Special) to iusefp.o(.text) for __I$use$fp
    printfa.o(i.__0snprintf) refers to printfa.o(i._printf_core) for _printf_core
    printfa.o(i.__0snprintf) refers to printfa.o(i._snputc) for _snputc
    printfa.o(i.__0sprintf) refers (Special) to iusefp.o(.text) for __I$use$fp
    printfa.o(i.__0sprintf) refers to printfa.o(i._printf_core) for _printf_core
    printfa.o(i.__0sprintf) refers to printfa.o(i._sputc) for _sputc
    printfa.o(i.__0vfprintf) refers (Special) to iusefp.o(.text) for __I$use$fp
    printfa.o(i.__0vfprintf) refers to printfa.o(i._printf_core) for _printf_core
    printfa.o(i.__0vfprintf) refers to usart.o(.text) for fputc
    printfa.o(i.__0vprintf) refers (Special) to iusefp.o(.text) for __I$use$fp
    printfa.o(i.__0vprintf) refers to printfa.o(i._printf_core) for _printf_core
    printfa.o(i.__0vprintf) refers to usart.o(.text) for fputc
    printfa.o(i.__0vprintf) refers to usart.o(.data) for __stdout
    printfa.o(i.__0vsnprintf) refers (Special) to iusefp.o(.text) for __I$use$fp
    printfa.o(i.__0vsnprintf) refers to printfa.o(i._printf_core) for _printf_core
    printfa.o(i.__0vsnprintf) refers to printfa.o(i._snputc) for _snputc
    printfa.o(i.__0vsprintf) refers (Special) to iusefp.o(.text) for __I$use$fp
    printfa.o(i.__0vsprintf) refers to printfa.o(i._printf_core) for _printf_core
    printfa.o(i.__0vsprintf) refers to printfa.o(i._sputc) for _sputc
    printfa.o(i._fp_digits) refers (Special) to iusefp.o(.text) for __I$use$fp
    printfa.o(i._fp_digits) refers to dmul.o(.text) for __aeabi_dmul
    printfa.o(i._fp_digits) refers to ddiv.o(.text) for __aeabi_ddiv
    printfa.o(i._fp_digits) refers to cdrcmple.o(.text) for __aeabi_cdrcmple
    printfa.o(i._fp_digits) refers to dadd.o(.text) for __aeabi_dadd
    printfa.o(i._fp_digits) refers to dfixul.o(.text) for __aeabi_d2ulz
    printfa.o(i._fp_digits) refers to uldiv.o(.text) for __aeabi_uldivmod
    printfa.o(i._printf_core) refers (Special) to iusefp.o(.text) for __I$use$fp
    printfa.o(i._printf_core) refers to printfa.o(i._printf_pre_padding) for _printf_pre_padding
    printfa.o(i._printf_core) refers to uldiv.o(.text) for __aeabi_uldivmod
    printfa.o(i._printf_core) refers to printfa.o(i._printf_post_padding) for _printf_post_padding
    printfa.o(i._printf_core) refers to printfa.o(i._fp_digits) for _fp_digits
    printfa.o(i._printf_core) refers to uidiv.o(.text) for __aeabi_uidivmod
    printfa.o(i._printf_post_padding) refers (Special) to iusefp.o(.text) for __I$use$fp
    printfa.o(i._printf_pre_padding) refers (Special) to iusefp.o(.text) for __I$use$fp
    printfa.o(i._snputc) refers (Special) to iusefp.o(.text) for __I$use$fp
    printfa.o(i._sputc) refers (Special) to iusefp.o(.text) for __I$use$fp
    entry2.o(.ARM.Collect$$$$00000001) refers to entry2.o(.ARM.Collect$$$$00002712) for __lit__00000000
    entry2.o(.ARM.Collect$$$$00002712) refers to startup_stm32f40_41xxx.o(STACK) for __initial_sp
    entry2.o(__vectab_stack_and_reset_area) refers to startup_stm32f40_41xxx.o(STACK) for __initial_sp
    entry2.o(__vectab_stack_and_reset_area) refers to entry.o(.ARM.Collect$$$$00000000) for __main
    entry5.o(.ARM.Collect$$$$00000004) refers to init.o(.text) for __scatterload
    entry9a.o(.ARM.Collect$$$$0000000B) refers to main.o(.text) for main
    entry9b.o(.ARM.Collect$$$$0000000C) refers to main.o(.text) for main
    uldiv.o(.text) refers to llushr.o(.text) for __aeabi_llsr
    uldiv.o(.text) refers to llshl.o(.text) for __aeabi_llsl
    dadd.o(.text) refers to llshl.o(.text) for __aeabi_llsl
    dadd.o(.text) refers to llsshr.o(.text) for __aeabi_lasr
    dadd.o(.text) refers to depilogue.o(.text) for _double_epilogue
    dmul.o(.text) refers to depilogue.o(.text) for _double_epilogue
    ddiv.o(.text) refers to depilogue.o(.text) for _double_round
    dfixul.o(.text) refers to llushr.o(.text) for __aeabi_llsr
    dfixul.o(.text) refers to llshl.o(.text) for __aeabi_llsl
    init.o(.text) refers to entry5.o(.ARM.Collect$$$$00000004) for __main_after_scatterload
    depilogue.o(.text) refers to llshl.o(.text) for __aeabi_llsl
    depilogue.o(.text) refers to llushr.o(.text) for __aeabi_llsr


==============================================================================

Removing Unused input sections from the image.

    Removing main.o(.rev16_text), (4 bytes).
    Removing main.o(.revsh_text), (4 bytes).
    Removing stm32f4xx_it.o(.rev16_text), (4 bytes).
    Removing stm32f4xx_it.o(.revsh_text), (4 bytes).
    Removing system_stm32f4xx.o(.rev16_text), (4 bytes).
    Removing system_stm32f4xx.o(.revsh_text), (4 bytes).
    Removing startup_stm32f40_41xxx.o(HEAP), (512 bytes).
    Removing misc.o(.rev16_text), (4 bytes).
    Removing misc.o(.revsh_text), (4 bytes).
    Removing stm32f4xx_adc.o(.rev16_text), (4 bytes).
    Removing stm32f4xx_adc.o(.revsh_text), (4 bytes).
    Removing stm32f4xx_adc.o(.text), (1124 bytes).
    Removing stm32f4xx_can.o(.rev16_text), (4 bytes).
    Removing stm32f4xx_can.o(.revsh_text), (4 bytes).
    Removing stm32f4xx_can.o(.text), (2544 bytes).
    Removing stm32f4xx_crc.o(.rev16_text), (4 bytes).
    Removing stm32f4xx_crc.o(.revsh_text), (4 bytes).
    Removing stm32f4xx_crc.o(.text), (72 bytes).
    Removing stm32f4xx_cryp.o(.rev16_text), (4 bytes).
    Removing stm32f4xx_cryp.o(.revsh_text), (4 bytes).
    Removing stm32f4xx_cryp.o(.text), (856 bytes).
    Removing stm32f4xx_cryp_aes.o(.rev16_text), (4 bytes).
    Removing stm32f4xx_cryp_aes.o(.revsh_text), (4 bytes).
    Removing stm32f4xx_cryp_aes.o(.text), (4586 bytes).
    Removing stm32f4xx_cryp_des.o(.rev16_text), (4 bytes).
    Removing stm32f4xx_cryp_des.o(.revsh_text), (4 bytes).
    Removing stm32f4xx_cryp_des.o(.text), (472 bytes).
    Removing stm32f4xx_cryp_tdes.o(.rev16_text), (4 bytes).
    Removing stm32f4xx_cryp_tdes.o(.revsh_text), (4 bytes).
    Removing stm32f4xx_cryp_tdes.o(.text), (536 bytes).
    Removing stm32f4xx_dac.o(.rev16_text), (4 bytes).
    Removing stm32f4xx_dac.o(.revsh_text), (4 bytes).
    Removing stm32f4xx_dac.o(.text), (528 bytes).
    Removing stm32f4xx_dbgmcu.o(.rev16_text), (4 bytes).
    Removing stm32f4xx_dbgmcu.o(.revsh_text), (4 bytes).
    Removing stm32f4xx_dbgmcu.o(.text), (100 bytes).
    Removing stm32f4xx_dcmi.o(.rev16_text), (4 bytes).
    Removing stm32f4xx_dcmi.o(.revsh_text), (4 bytes).
    Removing stm32f4xx_dcmi.o(.text), (396 bytes).
    Removing stm32f4xx_dma2d.o(.rev16_text), (4 bytes).
    Removing stm32f4xx_dma2d.o(.revsh_text), (4 bytes).
    Removing stm32f4xx_dma2d.o(.text), (948 bytes).
    Removing stm32f4xx_dma.o(.rev16_text), (4 bytes).
    Removing stm32f4xx_dma.o(.revsh_text), (4 bytes).
    Removing stm32f4xx_exti.o(.rev16_text), (4 bytes).
    Removing stm32f4xx_exti.o(.revsh_text), (4 bytes).
    Removing stm32f4xx_exti.o(.text), (272 bytes).
    Removing stm32f4xx_flash.o(.rev16_text), (4 bytes).
    Removing stm32f4xx_flash.o(.revsh_text), (4 bytes).
    Removing stm32f4xx_flash.o(.text), (1684 bytes).
    Removing stm32f4xx_flash_ramfunc.o(.rev16_text), (4 bytes).
    Removing stm32f4xx_flash_ramfunc.o(.revsh_text), (4 bytes).
    Removing stm32f4xx_flash_ramfunc.o(.text), (64 bytes).
    Removing stm32f4xx_fsmc.o(.rev16_text), (4 bytes).
    Removing stm32f4xx_fsmc.o(.revsh_text), (4 bytes).
    Removing stm32f4xx_fsmc.o(.text), (1480 bytes).
    Removing stm32f4xx_fsmc.o(.constdata), (28 bytes).
    Removing stm32f4xx_gpio.o(.rev16_text), (4 bytes).
    Removing stm32f4xx_gpio.o(.revsh_text), (4 bytes).
    Removing stm32f4xx_hash.o(.rev16_text), (4 bytes).
    Removing stm32f4xx_hash.o(.revsh_text), (4 bytes).
    Removing stm32f4xx_hash.o(.text), (552 bytes).
    Removing stm32f4xx_hash_md5.o(.rev16_text), (4 bytes).
    Removing stm32f4xx_hash_md5.o(.revsh_text), (4 bytes).
    Removing stm32f4xx_hash_md5.o(.text), (534 bytes).
    Removing stm32f4xx_hash_sha1.o(.rev16_text), (4 bytes).
    Removing stm32f4xx_hash_sha1.o(.revsh_text), (4 bytes).
    Removing stm32f4xx_hash_sha1.o(.text), (548 bytes).
    Removing stm32f4xx_i2c.o(.rev16_text), (4 bytes).
    Removing stm32f4xx_i2c.o(.revsh_text), (4 bytes).
    Removing stm32f4xx_i2c.o(.text), (1110 bytes).
    Removing stm32f4xx_iwdg.o(.rev16_text), (4 bytes).
    Removing stm32f4xx_iwdg.o(.revsh_text), (4 bytes).
    Removing stm32f4xx_iwdg.o(.text), (64 bytes).
    Removing stm32f4xx_ltdc.o(.rev16_text), (4 bytes).
    Removing stm32f4xx_ltdc.o(.revsh_text), (4 bytes).
    Removing stm32f4xx_ltdc.o(.text), (1672 bytes).
    Removing stm32f4xx_pwr.o(.rev16_text), (4 bytes).
    Removing stm32f4xx_pwr.o(.revsh_text), (4 bytes).
    Removing stm32f4xx_pwr.o(.text), (364 bytes).
    Removing stm32f4xx_rcc.o(.rev16_text), (4 bytes).
    Removing stm32f4xx_rcc.o(.revsh_text), (4 bytes).
    Removing stm32f4xx_rng.o(.rev16_text), (4 bytes).
    Removing stm32f4xx_rng.o(.revsh_text), (4 bytes).
    Removing stm32f4xx_rng.o(.text), (160 bytes).
    Removing stm32f4xx_rtc.o(.rev16_text), (4 bytes).
    Removing stm32f4xx_rtc.o(.revsh_text), (4 bytes).
    Removing stm32f4xx_rtc.o(.text), (3432 bytes).
    Removing stm32f4xx_sai.o(.rev16_text), (4 bytes).
    Removing stm32f4xx_sai.o(.revsh_text), (4 bytes).
    Removing stm32f4xx_sai.o(.text), (524 bytes).
    Removing stm32f4xx_sdio.o(.rev16_text), (4 bytes).
    Removing stm32f4xx_sdio.o(.revsh_text), (4 bytes).
    Removing stm32f4xx_sdio.o(.text), (476 bytes).
    Removing stm32f4xx_spi.o(.rev16_text), (4 bytes).
    Removing stm32f4xx_spi.o(.revsh_text), (4 bytes).
    Removing stm32f4xx_spi.o(.text), (1152 bytes).
    Removing stm32f4xx_syscfg.o(.rev16_text), (4 bytes).
    Removing stm32f4xx_syscfg.o(.revsh_text), (4 bytes).
    Removing stm32f4xx_syscfg.o(.text), (148 bytes).
    Removing stm32f4xx_tim.o(.rev16_text), (4 bytes).
    Removing stm32f4xx_tim.o(.revsh_text), (4 bytes).
    Removing stm32f4xx_usart.o(.rev16_text), (4 bytes).
    Removing stm32f4xx_usart.o(.revsh_text), (4 bytes).
    Removing stm32f4xx_wwdg.o(.rev16_text), (4 bytes).
    Removing stm32f4xx_wwdg.o(.revsh_text), (4 bytes).
    Removing stm32f4xx_wwdg.o(.text), (144 bytes).
    Removing timer.o(.rev16_text), (4 bytes).
    Removing timer.o(.revsh_text), (4 bytes).
    Removing oled.o(.rev16_text), (4 bytes).
    Removing oled.o(.revsh_text), (4 bytes).
    Removing usart.o(.rev16_text), (4 bytes).
    Removing usart.o(.revsh_text), (4 bytes).
    Removing datascope_dp.o(.rev16_text), (4 bytes).
    Removing datascope_dp.o(.revsh_text), (4 bytes).
    Removing datascope_dp.o(.text), (404 bytes).
    Removing datascope_dp.o(.bss), (42 bytes).
    Removing modrol_key.o(.rev16_text), (4 bytes).
    Removing modrol_key.o(.revsh_text), (4 bytes).
    Removing modrol_menu.o(.rev16_text), (4 bytes).
    Removing modrol_menu.o(.revsh_text), (4 bytes).
    Removing variables.o(.rev16_text), (4 bytes).
    Removing variables.o(.revsh_text), (4 bytes).
    Removing mitsubishi_fx2.o(.rev16_text), (4 bytes).
    Removing mitsubishi_fx2.o(.revsh_text), (4 bytes).
    Removing dma.o(.rev16_text), (4 bytes).
    Removing dma.o(.revsh_text), (4 bytes).
    Removing slave_rtu.o(.rev16_text), (4 bytes).
    Removing slave_rtu.o(.revsh_text), (4 bytes).
    Removing dadd.o(.text), (334 bytes).
    Removing dmul.o(.text), (228 bytes).
    Removing ddiv.o(.text), (222 bytes).
    Removing dfixul.o(.text), (48 bytes).
    Removing cdrcmple.o(.text), (48 bytes).
    Removing depilogue.o(.text), (186 bytes).

135 unused section(s) (total 28978 bytes) removed from the image.

==============================================================================

Image Symbol Table

    Local Symbols

    Symbol Name                              Value     Ov Type        Size  Object(Section)

    ../clib/../cmprslib/lz77c.c              0x00000000   Number         0  __dclz77c.o ABSOLUTE
    ../clib/microlib/division.c              0x00000000   Number         0  uldiv.o ABSOLUTE
    ../clib/microlib/division.c              0x00000000   Number         0  uidiv.o ABSOLUTE
    ../clib/microlib/init/entry.s            0x00000000   Number         0  entry10a.o ABSOLUTE
    ../clib/microlib/init/entry.s            0x00000000   Number         0  entry7a.o ABSOLUTE
    ../clib/microlib/init/entry.s            0x00000000   Number         0  entry9b.o ABSOLUTE
    ../clib/microlib/init/entry.s            0x00000000   Number         0  entry2.o ABSOLUTE
    ../clib/microlib/init/entry.s            0x00000000   Number         0  entry8b.o ABSOLUTE
    ../clib/microlib/init/entry.s            0x00000000   Number         0  entry9a.o ABSOLUTE
    ../clib/microlib/init/entry.s            0x00000000   Number         0  entry8a.o ABSOLUTE
    ../clib/microlib/init/entry.s            0x00000000   Number         0  entry.o ABSOLUTE
    ../clib/microlib/init/entry.s            0x00000000   Number         0  entry5.o ABSOLUTE
    ../clib/microlib/init/entry.s            0x00000000   Number         0  entry7b.o ABSOLUTE
    ../clib/microlib/init/entry.s            0x00000000   Number         0  entry11b.o ABSOLUTE
    ../clib/microlib/init/entry.s            0x00000000   Number         0  entry11a.o ABSOLUTE
    ../clib/microlib/init/entry.s            0x00000000   Number         0  entry10b.o ABSOLUTE
    ../clib/microlib/longlong.c              0x00000000   Number         0  llshl.o ABSOLUTE
    ../clib/microlib/longlong.c              0x00000000   Number         0  llushr.o ABSOLUTE
    ../clib/microlib/longlong.c              0x00000000   Number         0  llsshr.o ABSOLUTE
    ../clib/microlib/printf/printf.c         0x00000000   Number         0  printf0.o ABSOLUTE
    ../clib/microlib/printf/printf.c         0x00000000   Number         0  printfa.o ABSOLUTE
    ../clib/microlib/printf/printf.c         0x00000000   Number         0  printfb.o ABSOLUTE
    ../clib/microlib/printf/printf.c         0x00000000   Number         0  printf4.o ABSOLUTE
    ../clib/microlib/printf/printf.c         0x00000000   Number         0  printf2.o ABSOLUTE
    ../clib/microlib/printf/printf.c         0x00000000   Number         0  printf1.o ABSOLUTE
    ../clib/microlib/printf/printf.c         0x00000000   Number         0  printf3.o ABSOLUTE
    ../clib/microlib/printf/printf.c         0x00000000   Number         0  printf5.o ABSOLUTE
    ../clib/microlib/printf/printf.c         0x00000000   Number         0  printf8.o ABSOLUTE
    ../clib/microlib/printf/printf.c         0x00000000   Number         0  printf6.o ABSOLUTE
    ../clib/microlib/printf/printf.c         0x00000000   Number         0  printf7.o ABSOLUTE
    ../clib/microlib/printf/stubs.s          0x00000000   Number         0  stubs.o ABSOLUTE
    ../clib/microlib/string/memcpy.c         0x00000000   Number         0  memcpya.o ABSOLUTE
    ../clib/microlib/string/memcpy.c         0x00000000   Number         0  memcpyb.o ABSOLUTE
    ../clib/microlib/string/memset.c         0x00000000   Number         0  memseta.o ABSOLUTE
    ../clib/microlib/stubs.s                 0x00000000   Number         0  iusefp.o ABSOLUTE
    ../fplib/microlib/fpadd.c                0x00000000   Number         0  dadd.o ABSOLUTE
    ../fplib/microlib/fpdiv.c                0x00000000   Number         0  ddiv.o ABSOLUTE
    ../fplib/microlib/fpepilogue.c           0x00000000   Number         0  depilogue.o ABSOLUTE
    ../fplib/microlib/fpfix.c                0x00000000   Number         0  dfixul.o ABSOLUTE
    ../fplib/microlib/fpmul.c                0x00000000   Number         0  dmul.o ABSOLUTE
    ..\CORE\startup_stm32f40_41xxx.s         0x00000000   Number         0  startup_stm32f40_41xxx.o ABSOLUTE
    ..\FWLIB\src\misc.c                      0x00000000   Number         0  misc.o ABSOLUTE
    ..\FWLIB\src\stm32f4xx_adc.c             0x00000000   Number         0  stm32f4xx_adc.o ABSOLUTE
    ..\FWLIB\src\stm32f4xx_can.c             0x00000000   Number         0  stm32f4xx_can.o ABSOLUTE
    ..\FWLIB\src\stm32f4xx_crc.c             0x00000000   Number         0  stm32f4xx_crc.o ABSOLUTE
    ..\FWLIB\src\stm32f4xx_cryp.c            0x00000000   Number         0  stm32f4xx_cryp.o ABSOLUTE
    ..\FWLIB\src\stm32f4xx_cryp_aes.c        0x00000000   Number         0  stm32f4xx_cryp_aes.o ABSOLUTE
    ..\FWLIB\src\stm32f4xx_cryp_des.c        0x00000000   Number         0  stm32f4xx_cryp_des.o ABSOLUTE
    ..\FWLIB\src\stm32f4xx_cryp_tdes.c       0x00000000   Number         0  stm32f4xx_cryp_tdes.o ABSOLUTE
    ..\FWLIB\src\stm32f4xx_dac.c             0x00000000   Number         0  stm32f4xx_dac.o ABSOLUTE
    ..\FWLIB\src\stm32f4xx_dbgmcu.c          0x00000000   Number         0  stm32f4xx_dbgmcu.o ABSOLUTE
    ..\FWLIB\src\stm32f4xx_dcmi.c            0x00000000   Number         0  stm32f4xx_dcmi.o ABSOLUTE
    ..\FWLIB\src\stm32f4xx_dma.c             0x00000000   Number         0  stm32f4xx_dma.o ABSOLUTE
    ..\FWLIB\src\stm32f4xx_dma2d.c           0x00000000   Number         0  stm32f4xx_dma2d.o ABSOLUTE
    ..\FWLIB\src\stm32f4xx_exti.c            0x00000000   Number         0  stm32f4xx_exti.o ABSOLUTE
    ..\FWLIB\src\stm32f4xx_flash.c           0x00000000   Number         0  stm32f4xx_flash.o ABSOLUTE
    ..\FWLIB\src\stm32f4xx_flash_ramfunc.c   0x00000000   Number         0  stm32f4xx_flash_ramfunc.o ABSOLUTE
    ..\FWLIB\src\stm32f4xx_fsmc.c            0x00000000   Number         0  stm32f4xx_fsmc.o ABSOLUTE
    ..\FWLIB\src\stm32f4xx_gpio.c            0x00000000   Number         0  stm32f4xx_gpio.o ABSOLUTE
    ..\FWLIB\src\stm32f4xx_hash.c            0x00000000   Number         0  stm32f4xx_hash.o ABSOLUTE
    ..\FWLIB\src\stm32f4xx_hash_md5.c        0x00000000   Number         0  stm32f4xx_hash_md5.o ABSOLUTE
    ..\FWLIB\src\stm32f4xx_hash_sha1.c       0x00000000   Number         0  stm32f4xx_hash_sha1.o ABSOLUTE
    ..\FWLIB\src\stm32f4xx_i2c.c             0x00000000   Number         0  stm32f4xx_i2c.o ABSOLUTE
    ..\FWLIB\src\stm32f4xx_iwdg.c            0x00000000   Number         0  stm32f4xx_iwdg.o ABSOLUTE
    ..\FWLIB\src\stm32f4xx_ltdc.c            0x00000000   Number         0  stm32f4xx_ltdc.o ABSOLUTE
    ..\FWLIB\src\stm32f4xx_pwr.c             0x00000000   Number         0  stm32f4xx_pwr.o ABSOLUTE
    ..\FWLIB\src\stm32f4xx_rcc.c             0x00000000   Number         0  stm32f4xx_rcc.o ABSOLUTE
    ..\FWLIB\src\stm32f4xx_rng.c             0x00000000   Number         0  stm32f4xx_rng.o ABSOLUTE
    ..\FWLIB\src\stm32f4xx_rtc.c             0x00000000   Number         0  stm32f4xx_rtc.o ABSOLUTE
    ..\FWLIB\src\stm32f4xx_sai.c             0x00000000   Number         0  stm32f4xx_sai.o ABSOLUTE
    ..\FWLIB\src\stm32f4xx_sdio.c            0x00000000   Number         0  stm32f4xx_sdio.o ABSOLUTE
    ..\FWLIB\src\stm32f4xx_spi.c             0x00000000   Number         0  stm32f4xx_spi.o ABSOLUTE
    ..\FWLIB\src\stm32f4xx_syscfg.c          0x00000000   Number         0  stm32f4xx_syscfg.o ABSOLUTE
    ..\FWLIB\src\stm32f4xx_tim.c             0x00000000   Number         0  stm32f4xx_tim.o ABSOLUTE
    ..\FWLIB\src\stm32f4xx_usart.c           0x00000000   Number         0  stm32f4xx_usart.o ABSOLUTE
    ..\FWLIB\src\stm32f4xx_wwdg.c            0x00000000   Number         0  stm32f4xx_wwdg.o ABSOLUTE
    ..\MITSUBISHI_FX2\MITSUBISHI_FX2.C       0x00000000   Number         0  mitsubishi_fx2.o ABSOLUTE
    ..\MODROL_KEY\modrol_key.c               0x00000000   Number         0  modrol_key.o ABSOLUTE
    ..\MODROL_MENU\modrol_menu.c             0x00000000   Number         0  modrol_menu.o ABSOLUTE
    ..\MODROL_MODBUS\modbus_core_crc.c       0x00000000   Number         0  modbus_core_crc.o ABSOLUTE
    ..\MODROL_MODBUS\slave_rtu.c             0x00000000   Number         0  slave_rtu.o ABSOLUTE
    ..\MODROL_VARIABLES\variables.c          0x00000000   Number         0  variables.o ABSOLUTE
    ..\SYSTEM\OLED.c                         0x00000000   Number         0  oled.o ABSOLUTE
    ..\SYSTEM\Timer.c                        0x00000000   Number         0  timer.o ABSOLUTE
    ..\SYSTEM\dma.c                          0x00000000   Number         0  dma.o ABSOLUTE
    ..\SYSTEM\usart.c                        0x00000000   Number         0  usart.o ABSOLUTE
    ..\\FWLIB\\src\\misc.c                   0x00000000   Number         0  misc.o ABSOLUTE
    ..\\FWLIB\\src\\stm32f4xx_adc.c          0x00000000   Number         0  stm32f4xx_adc.o ABSOLUTE
    ..\\FWLIB\\src\\stm32f4xx_can.c          0x00000000   Number         0  stm32f4xx_can.o ABSOLUTE
    ..\\FWLIB\\src\\stm32f4xx_crc.c          0x00000000   Number         0  stm32f4xx_crc.o ABSOLUTE
    ..\\FWLIB\\src\\stm32f4xx_cryp.c         0x00000000   Number         0  stm32f4xx_cryp.o ABSOLUTE
    ..\\FWLIB\\src\\stm32f4xx_cryp_aes.c     0x00000000   Number         0  stm32f4xx_cryp_aes.o ABSOLUTE
    ..\\FWLIB\\src\\stm32f4xx_cryp_des.c     0x00000000   Number         0  stm32f4xx_cryp_des.o ABSOLUTE
    ..\\FWLIB\\src\\stm32f4xx_cryp_tdes.c    0x00000000   Number         0  stm32f4xx_cryp_tdes.o ABSOLUTE
    ..\\FWLIB\\src\\stm32f4xx_dac.c          0x00000000   Number         0  stm32f4xx_dac.o ABSOLUTE
    ..\\FWLIB\\src\\stm32f4xx_dbgmcu.c       0x00000000   Number         0  stm32f4xx_dbgmcu.o ABSOLUTE
    ..\\FWLIB\\src\\stm32f4xx_dcmi.c         0x00000000   Number         0  stm32f4xx_dcmi.o ABSOLUTE
    ..\\FWLIB\\src\\stm32f4xx_dma.c          0x00000000   Number         0  stm32f4xx_dma.o ABSOLUTE
    ..\\FWLIB\\src\\stm32f4xx_dma2d.c        0x00000000   Number         0  stm32f4xx_dma2d.o ABSOLUTE
    ..\\FWLIB\\src\\stm32f4xx_exti.c         0x00000000   Number         0  stm32f4xx_exti.o ABSOLUTE
    ..\\FWLIB\\src\\stm32f4xx_flash.c        0x00000000   Number         0  stm32f4xx_flash.o ABSOLUTE
    ..\\FWLIB\\src\\stm32f4xx_flash_ramfunc.c 0x00000000   Number         0  stm32f4xx_flash_ramfunc.o ABSOLUTE
    ..\\FWLIB\\src\\stm32f4xx_fsmc.c         0x00000000   Number         0  stm32f4xx_fsmc.o ABSOLUTE
    ..\\FWLIB\\src\\stm32f4xx_gpio.c         0x00000000   Number         0  stm32f4xx_gpio.o ABSOLUTE
    ..\\FWLIB\\src\\stm32f4xx_hash.c         0x00000000   Number         0  stm32f4xx_hash.o ABSOLUTE
    ..\\FWLIB\\src\\stm32f4xx_hash_md5.c     0x00000000   Number         0  stm32f4xx_hash_md5.o ABSOLUTE
    ..\\FWLIB\\src\\stm32f4xx_hash_sha1.c    0x00000000   Number         0  stm32f4xx_hash_sha1.o ABSOLUTE
    ..\\FWLIB\\src\\stm32f4xx_i2c.c          0x00000000   Number         0  stm32f4xx_i2c.o ABSOLUTE
    ..\\FWLIB\\src\\stm32f4xx_iwdg.c         0x00000000   Number         0  stm32f4xx_iwdg.o ABSOLUTE
    ..\\FWLIB\\src\\stm32f4xx_ltdc.c         0x00000000   Number         0  stm32f4xx_ltdc.o ABSOLUTE
    ..\\FWLIB\\src\\stm32f4xx_pwr.c          0x00000000   Number         0  stm32f4xx_pwr.o ABSOLUTE
    ..\\FWLIB\\src\\stm32f4xx_rcc.c          0x00000000   Number         0  stm32f4xx_rcc.o ABSOLUTE
    ..\\FWLIB\\src\\stm32f4xx_rng.c          0x00000000   Number         0  stm32f4xx_rng.o ABSOLUTE
    ..\\FWLIB\\src\\stm32f4xx_rtc.c          0x00000000   Number         0  stm32f4xx_rtc.o ABSOLUTE
    ..\\FWLIB\\src\\stm32f4xx_sai.c          0x00000000   Number         0  stm32f4xx_sai.o ABSOLUTE
    ..\\FWLIB\\src\\stm32f4xx_sdio.c         0x00000000   Number         0  stm32f4xx_sdio.o ABSOLUTE
    ..\\FWLIB\\src\\stm32f4xx_spi.c          0x00000000   Number         0  stm32f4xx_spi.o ABSOLUTE
    ..\\FWLIB\\src\\stm32f4xx_syscfg.c       0x00000000   Number         0  stm32f4xx_syscfg.o ABSOLUTE
    ..\\FWLIB\\src\\stm32f4xx_tim.c          0x00000000   Number         0  stm32f4xx_tim.o ABSOLUTE
    ..\\FWLIB\\src\\stm32f4xx_usart.c        0x00000000   Number         0  stm32f4xx_usart.o ABSOLUTE
    ..\\FWLIB\\src\\stm32f4xx_wwdg.c         0x00000000   Number         0  stm32f4xx_wwdg.o ABSOLUTE
    ..\\MITSUBISHI_FX2\\MITSUBISHI_FX2.C     0x00000000   Number         0  mitsubishi_fx2.o ABSOLUTE
    ..\\MODROL_KEY\\modrol_key.c             0x00000000   Number         0  modrol_key.o ABSOLUTE
    ..\\MODROL_MENU\\modrol_menu.c           0x00000000   Number         0  modrol_menu.o ABSOLUTE
    ..\\MODROL_MODBUS\\slave_rtu.c           0x00000000   Number         0  slave_rtu.o ABSOLUTE
    ..\\MODROL_VARIABLES\\variables.c        0x00000000   Number         0  variables.o ABSOLUTE
    ..\\SYSTEM\\OLED.c                       0x00000000   Number         0  oled.o ABSOLUTE
    ..\\SYSTEM\\Timer.c                      0x00000000   Number         0  timer.o ABSOLUTE
    ..\\SYSTEM\\dma.c                        0x00000000   Number         0  dma.o ABSOLUTE
    ..\\SYSTEM\\usart.c                      0x00000000   Number         0  usart.o ABSOLUTE
    ..\\anonymity\\DataScope_DP.c            0x00000000   Number         0  datascope_dp.o ABSOLUTE
    ..\anonymity\DataScope_DP.c              0x00000000   Number         0  datascope_dp.o ABSOLUTE
    cdrcmple.s                               0x00000000   Number         0  cdrcmple.o ABSOLUTE
    dc.s                                     0x00000000   Number         0  dc.o ABSOLUTE
    handlers.s                               0x00000000   Number         0  handlers.o ABSOLUTE
    init.s                                   0x00000000   Number         0  init.o ABSOLUTE
    main.c                                   0x00000000   Number         0  main.o ABSOLUTE
    main.c                                   0x00000000   Number         0  main.o ABSOLUTE
    stm32f4xx_it.c                           0x00000000   Number         0  stm32f4xx_it.o ABSOLUTE
    stm32f4xx_it.c                           0x00000000   Number         0  stm32f4xx_it.o ABSOLUTE
    system_stm32f4xx.c                       0x00000000   Number         0  system_stm32f4xx.o ABSOLUTE
    system_stm32f4xx.c                       0x00000000   Number         0  system_stm32f4xx.o ABSOLUTE
    RESET                                    0x08000000   Section      392  startup_stm32f40_41xxx.o(RESET)
    .ARM.Collect$$$$00000000                 0x08000188   Section        0  entry.o(.ARM.Collect$$$$00000000)
    .ARM.Collect$$$$00000001                 0x08000188   Section        4  entry2.o(.ARM.Collect$$$$00000001)
    .ARM.Collect$$$$00000004                 0x0800018c   Section        4  entry5.o(.ARM.Collect$$$$00000004)
    .ARM.Collect$$$$00000008                 0x08000190   Section        0  entry7b.o(.ARM.Collect$$$$00000008)
    .ARM.Collect$$$$0000000A                 0x08000190   Section        0  entry8b.o(.ARM.Collect$$$$0000000A)
    .ARM.Collect$$$$0000000B                 0x08000190   Section        8  entry9a.o(.ARM.Collect$$$$0000000B)
    .ARM.Collect$$$$0000000D                 0x08000198   Section        0  entry10a.o(.ARM.Collect$$$$0000000D)
    .ARM.Collect$$$$0000000F                 0x08000198   Section        0  entry11a.o(.ARM.Collect$$$$0000000F)
    .ARM.Collect$$$$00002712                 0x08000198   Section        4  entry2.o(.ARM.Collect$$$$00002712)
    __lit__00000000                          0x08000198   Data           4  entry2.o(.ARM.Collect$$$$00002712)
    .text                                    0x0800019c   Section        0  main.o(.text)
    .text                                    0x08000284   Section        0  stm32f4xx_it.o(.text)
    .text                                    0x080002a0   Section        0  system_stm32f4xx.o(.text)
    SetSysClock                              0x080002a1   Thumb Code   220  system_stm32f4xx.o(.text)
    .text                                    0x080004b0   Section       36  startup_stm32f40_41xxx.o(.text)
    $v0                                      0x080004b0   Number         0  startup_stm32f40_41xxx.o(.text)
    .text                                    0x080004d4   Section        0  misc.o(.text)
    .text                                    0x080005b4   Section        0  stm32f4xx_dma.o(.text)
    .text                                    0x0800095c   Section        0  stm32f4xx_gpio.o(.text)
    .text                                    0x08000bf0   Section        0  stm32f4xx_rcc.o(.text)
    .text                                    0x0800124c   Section        0  stm32f4xx_tim.o(.text)
    TI4_Config                               0x080019eb   Thumb Code    80  stm32f4xx_tim.o(.text)
    TI3_Config                               0x08001a4d   Thumb Code    72  stm32f4xx_tim.o(.text)
    TI2_Config                               0x08001aaf   Thumb Code    90  stm32f4xx_tim.o(.text)
    TI1_Config                               0x08001b1b   Thumb Code    58  stm32f4xx_tim.o(.text)
    .text                                    0x08001ef0   Section        0  stm32f4xx_usart.o(.text)
    .text                                    0x08002344   Section        0  timer.o(.text)
    NVIC_SetPriority                         0x08002345   Thumb Code    32  timer.o(.text)
    .text                                    0x080024cc   Section        0  oled.o(.text)
    .text                                    0x08002c30   Section        0  usart.o(.text)
    .text                                    0x08002db4   Section        0  modrol_key.o(.text)
    .text                                    0x08004fc4   Section        0  modrol_menu.o(.text)
    .text                                    0x08005b10   Section        0  mitsubishi_fx2.o(.text)
    .text                                    0x080060f0   Section        0  dma.o(.text)
    .text                                    0x080062a4   Section        0  modbus_core_crc.o(.text)
    .text                                    0x080062d0   Section        0  slave_rtu.o(.text)
    core_build_err_resp                      0x08006301   Thumb Code    70  slave_rtu.o(.text)
    core_slave_data_parse                    0x080063c7   Thumb Code    80  slave_rtu.o(.text)
    .text                                    0x08006580   Section        0  memcpya.o(.text)
    .text                                    0x080065a4   Section        0  memseta.o(.text)
    .text                                    0x080065c8   Section        0  uidiv.o(.text)
    .text                                    0x080065f4   Section       36  init.o(.text)
    .text                                    0x08006618   Section        0  __dclz77c.o(.text)
    i.__0printf$1                            0x08006678   Section        0  printf1.o(i.__0printf$1)
    i.__scatterload_copy                     0x08006698   Section       14  handlers.o(i.__scatterload_copy)
    i.__scatterload_null                     0x080066a6   Section        2  handlers.o(i.__scatterload_null)
    i.__scatterload_zeroinit                 0x080066a8   Section       14  handlers.o(i.__scatterload_zeroinit)
    i._printf_core                           0x080066b8   Section        0  printf1.o(i._printf_core)
    _printf_core                             0x080066b9   Thumb Code   336  printf1.o(i._printf_core)
    .constdata                               0x0800680c   Section     4732  oled.o(.constdata)
    .constdata                               0x08007a88   Section     4610  variables.o(.constdata)
    .data                                    0x20000000   Section       20  system_stm32f4xx.o(.data)
    .data                                    0x20000014   Section       16  stm32f4xx_rcc.o(.data)
    APBAHBPrescTable                         0x20000014   Data          16  stm32f4xx_rcc.o(.data)
    .data                                    0x20000024   Section        4  timer.o(.data)
    TIM1MS                                   0x20000024   Data           2  timer.o(.data)
    TIM1000MS                                0x20000026   Data           2  timer.o(.data)
    .data                                    0x20000028   Section     4800  oled.o(.data)
    .data                                    0x200012e8   Section      834  usart.o(.data)
    .data                                    0x2000162a   Section       15  modrol_key.o(.data)
    keyTotolNum                              0x2000162b   Data           1  modrol_key.o(.data)
    keyCheck                                 0x20001631   Data           1  modrol_key.o(.data)
    keyState                                 0x20001632   Data           1  modrol_key.o(.data)
    keyLongCheck                             0x20001634   Data           2  modrol_key.o(.data)
    keyPrev                                  0x20001636   Data           2  modrol_key.o(.data)
    key_total                                0x20001638   Data           1  modrol_key.o(.data)
    .data                                    0x2000163c   Section       52  mitsubishi_fx2.o(.data)
    i                                        0x20001648   Data           4  mitsubishi_fx2.o(.data)
    i                                        0x2000164c   Data           4  mitsubishi_fx2.o(.data)
    sum                                      0x20001650   Data           4  mitsubishi_fx2.o(.data)
    result                                   0x20001654   Data           4  mitsubishi_fx2.o(.data)
    result                                   0x20001658   Data           4  mitsubishi_fx2.o(.data)
    Adress                                   0x2000165c   Data           4  mitsubishi_fx2.o(.data)
    Count                                    0x20001660   Data           4  mitsubishi_fx2.o(.data)
    i                                        0x20001664   Data           4  mitsubishi_fx2.o(.data)
    sum                                      0x20001668   Data           4  mitsubishi_fx2.o(.data)
    sum                                      0x2000166c   Data           4  mitsubishi_fx2.o(.data)
    .data                                    0x20001670   Section      512  modbus_core_crc.o(.data)
    crcTb                                    0x20001670   Data         512  modbus_core_crc.o(.data)
    .data                                    0x20001870   Section        4  slave_rtu.o(.data)
    slaveAddr                                0x20001870   Data           1  slave_rtu.o(.data)
    .bss                                     0x20001874   Section      500  main.o(.bss)
    .bss                                     0x20001a68   Section     2112  oled.o(.bss)
    .bss                                     0x200022a8   Section      100  usart.o(.bss)
    .bss                                     0x2000230c   Section      160  modrol_key.o(.bss)
    .bss                                     0x200023ac   Section       40  mitsubishi_fx2.o(.bss)
    .bss                                     0x200023d4   Section      268  slave_rtu.o(.bss)
    modbus_slave_buf                         0x200023d4   Data         256  slave_rtu.o(.bss)
    packet                                   0x200024d4   Data          12  slave_rtu.o(.bss)
    STACK                                    0x200024e0   Section     1024  startup_stm32f40_41xxx.o(STACK)

    Global Symbols

    Symbol Name                              Value     Ov Type        Size  Object(Section)

    BuildAttributes$$THM_ISAv4$E$P$D$K$B$S$7EM$VFPi3$EXTD16$VFPS$VFMA$PE$A:L22UL41UL21$X:L11$S22US41US21$IEEE1$IW$USESV6$~STKCKD$USESV7$~SHL$OSPACE$ROPI$EBA8$MICROLIB$REQ8$PRES8$EABIv2 0x00000000   Number         0  anon$$obj.o ABSOLUTE
    __ARM_use_no_argv                        0x00000000   Number         0  main.o ABSOLUTE
    _printf_a                                0x00000000   Number         0  stubs.o ABSOLUTE
    _printf_c                                0x00000000   Number         0  stubs.o ABSOLUTE
    _printf_charcount                        0x00000000   Number         0  stubs.o ABSOLUTE
    _printf_d                                0x00000000   Number         0  stubs.o ABSOLUTE
    _printf_e                                0x00000000   Number         0  stubs.o ABSOLUTE
    _printf_f                                0x00000000   Number         0  stubs.o ABSOLUTE
    _printf_flags                            0x00000000   Number         0  stubs.o ABSOLUTE
    _printf_fp_dec                           0x00000000   Number         0  stubs.o ABSOLUTE
    _printf_fp_hex                           0x00000000   Number         0  stubs.o ABSOLUTE
    _printf_g                                0x00000000   Number         0  stubs.o ABSOLUTE
    _printf_i                                0x00000000   Number         0  stubs.o ABSOLUTE
    _printf_int_dec                          0x00000000   Number         0  stubs.o ABSOLUTE
    _printf_l                                0x00000000   Number         0  stubs.o ABSOLUTE
    _printf_lc                               0x00000000   Number         0  stubs.o ABSOLUTE
    _printf_ll                               0x00000000   Number         0  stubs.o ABSOLUTE
    _printf_lld                              0x00000000   Number         0  stubs.o ABSOLUTE
    _printf_lli                              0x00000000   Number         0  stubs.o ABSOLUTE
    _printf_llo                              0x00000000   Number         0  stubs.o ABSOLUTE
    _printf_llu                              0x00000000   Number         0  stubs.o ABSOLUTE
    _printf_llx                              0x00000000   Number         0  stubs.o ABSOLUTE
    _printf_longlong_dec                     0x00000000   Number         0  stubs.o ABSOLUTE
    _printf_longlong_hex                     0x00000000   Number         0  stubs.o ABSOLUTE
    _printf_longlong_oct                     0x00000000   Number         0  stubs.o ABSOLUTE
    _printf_ls                               0x00000000   Number         0  stubs.o ABSOLUTE
    _printf_mbtowc                           0x00000000   Number         0  stubs.o ABSOLUTE
    _printf_n                                0x00000000   Number         0  stubs.o ABSOLUTE
    _printf_o                                0x00000000   Number         0  stubs.o ABSOLUTE
    _printf_p                                0x00000000   Number         0  stubs.o ABSOLUTE
    _printf_percent                          0x00000000   Number         0  stubs.o ABSOLUTE
    _printf_pre_padding                      0x00000000   Number         0  stubs.o ABSOLUTE
    _printf_return_value                     0x00000000   Number         0  stubs.o ABSOLUTE
    _printf_s                                0x00000000   Number         0  stubs.o ABSOLUTE
    _printf_sizespec                         0x00000000   Number         0  stubs.o ABSOLUTE
    _printf_str                              0x00000000   Number         0  stubs.o ABSOLUTE
    _printf_truncate_signed                  0x00000000   Number         0  stubs.o ABSOLUTE
    _printf_truncate_unsigned                0x00000000   Number         0  stubs.o ABSOLUTE
    _printf_u                                0x00000000   Number         0  stubs.o ABSOLUTE
    _printf_wc                               0x00000000   Number         0  stubs.o ABSOLUTE
    _printf_wctomb                           0x00000000   Number         0  stubs.o ABSOLUTE
    _printf_widthprec                        0x00000000   Number         0  stubs.o ABSOLUTE
    _printf_x                                0x00000000   Number         0  stubs.o ABSOLUTE
    __cpp_initialize__aeabi_                  - Undefined Weak Reference
    __cxa_finalize                            - Undefined Weak Reference
    _clock_init                               - Undefined Weak Reference
    _microlib_exit                            - Undefined Weak Reference
    __Vectors_Size                           0x00000188   Number         0  startup_stm32f40_41xxx.o ABSOLUTE
    __Vectors                                0x08000000   Data           4  startup_stm32f40_41xxx.o(RESET)
    __Vectors_End                            0x08000188   Data           0  startup_stm32f40_41xxx.o(RESET)
    __main                                   0x08000189   Thumb Code     0  entry.o(.ARM.Collect$$$$00000000)
    _main_stk                                0x08000189   Thumb Code     0  entry2.o(.ARM.Collect$$$$00000001)
    _main_scatterload                        0x0800018d   Thumb Code     0  entry5.o(.ARM.Collect$$$$00000004)
    __main_after_scatterload                 0x08000191   Thumb Code     0  entry5.o(.ARM.Collect$$$$00000004)
    _main_clock                              0x08000191   Thumb Code     0  entry7b.o(.ARM.Collect$$$$00000008)
    _main_cpp_init                           0x08000191   Thumb Code     0  entry8b.o(.ARM.Collect$$$$0000000A)
    _main_init                               0x08000191   Thumb Code     0  entry9a.o(.ARM.Collect$$$$0000000B)
    __rt_final_cpp                           0x08000199   Thumb Code     0  entry10a.o(.ARM.Collect$$$$0000000D)
    __rt_final_exit                          0x08000199   Thumb Code     0  entry11a.o(.ARM.Collect$$$$0000000F)
    Delay                                    0x0800019d   Thumb Code    24  main.o(.text)
    main                                     0x080001b5   Thumb Code   174  main.o(.text)
    NMI_Handler                              0x08000285   Thumb Code     2  stm32f4xx_it.o(.text)
    HardFault_Handler                        0x08000287   Thumb Code     4  stm32f4xx_it.o(.text)
    MemManage_Handler                        0x0800028b   Thumb Code     4  stm32f4xx_it.o(.text)
    BusFault_Handler                         0x0800028f   Thumb Code     4  stm32f4xx_it.o(.text)
    UsageFault_Handler                       0x08000293   Thumb Code     4  stm32f4xx_it.o(.text)
    SVC_Handler                              0x08000297   Thumb Code     2  stm32f4xx_it.o(.text)
    DebugMon_Handler                         0x08000299   Thumb Code     2  stm32f4xx_it.o(.text)
    PendSV_Handler                           0x0800029b   Thumb Code     2  stm32f4xx_it.o(.text)
    SysTick_Handler                          0x0800029d   Thumb Code     2  stm32f4xx_it.o(.text)
    SystemInit                               0x0800037d   Thumb Code    88  system_stm32f4xx.o(.text)
    SystemCoreClockUpdate                    0x080003d5   Thumb Code   174  system_stm32f4xx.o(.text)
    Reset_Handler                            0x080004b1   Thumb Code     8  startup_stm32f40_41xxx.o(.text)
    ADC_IRQHandler                           0x080004cb   Thumb Code     0  startup_stm32f40_41xxx.o(.text)
    CAN1_RX0_IRQHandler                      0x080004cb   Thumb Code     0  startup_stm32f40_41xxx.o(.text)
    CAN1_RX1_IRQHandler                      0x080004cb   Thumb Code     0  startup_stm32f40_41xxx.o(.text)
    CAN1_SCE_IRQHandler                      0x080004cb   Thumb Code     0  startup_stm32f40_41xxx.o(.text)
    CAN1_TX_IRQHandler                       0x080004cb   Thumb Code     0  startup_stm32f40_41xxx.o(.text)
    CAN2_RX0_IRQHandler                      0x080004cb   Thumb Code     0  startup_stm32f40_41xxx.o(.text)
    CAN2_RX1_IRQHandler                      0x080004cb   Thumb Code     0  startup_stm32f40_41xxx.o(.text)
    CAN2_SCE_IRQHandler                      0x080004cb   Thumb Code     0  startup_stm32f40_41xxx.o(.text)
    CAN2_TX_IRQHandler                       0x080004cb   Thumb Code     0  startup_stm32f40_41xxx.o(.text)
    CRYP_IRQHandler                          0x080004cb   Thumb Code     0  startup_stm32f40_41xxx.o(.text)
    DCMI_IRQHandler                          0x080004cb   Thumb Code     0  startup_stm32f40_41xxx.o(.text)
    DMA1_Stream0_IRQHandler                  0x080004cb   Thumb Code     0  startup_stm32f40_41xxx.o(.text)
    DMA1_Stream1_IRQHandler                  0x080004cb   Thumb Code     0  startup_stm32f40_41xxx.o(.text)
    DMA1_Stream2_IRQHandler                  0x080004cb   Thumb Code     0  startup_stm32f40_41xxx.o(.text)
    DMA1_Stream3_IRQHandler                  0x080004cb   Thumb Code     0  startup_stm32f40_41xxx.o(.text)
    DMA1_Stream4_IRQHandler                  0x080004cb   Thumb Code     0  startup_stm32f40_41xxx.o(.text)
    DMA1_Stream5_IRQHandler                  0x080004cb   Thumb Code     0  startup_stm32f40_41xxx.o(.text)
    DMA1_Stream6_IRQHandler                  0x080004cb   Thumb Code     0  startup_stm32f40_41xxx.o(.text)
    DMA1_Stream7_IRQHandler                  0x080004cb   Thumb Code     0  startup_stm32f40_41xxx.o(.text)
    DMA2_Stream0_IRQHandler                  0x080004cb   Thumb Code     0  startup_stm32f40_41xxx.o(.text)
    DMA2_Stream1_IRQHandler                  0x080004cb   Thumb Code     0  startup_stm32f40_41xxx.o(.text)
    DMA2_Stream2_IRQHandler                  0x080004cb   Thumb Code     0  startup_stm32f40_41xxx.o(.text)
    DMA2_Stream3_IRQHandler                  0x080004cb   Thumb Code     0  startup_stm32f40_41xxx.o(.text)
    DMA2_Stream4_IRQHandler                  0x080004cb   Thumb Code     0  startup_stm32f40_41xxx.o(.text)
    DMA2_Stream6_IRQHandler                  0x080004cb   Thumb Code     0  startup_stm32f40_41xxx.o(.text)
    DMA2_Stream7_IRQHandler                  0x080004cb   Thumb Code     0  startup_stm32f40_41xxx.o(.text)
    ETH_IRQHandler                           0x080004cb   Thumb Code     0  startup_stm32f40_41xxx.o(.text)
    ETH_WKUP_IRQHandler                      0x080004cb   Thumb Code     0  startup_stm32f40_41xxx.o(.text)
    EXTI0_IRQHandler                         0x080004cb   Thumb Code     0  startup_stm32f40_41xxx.o(.text)
    EXTI15_10_IRQHandler                     0x080004cb   Thumb Code     0  startup_stm32f40_41xxx.o(.text)
    EXTI1_IRQHandler                         0x080004cb   Thumb Code     0  startup_stm32f40_41xxx.o(.text)
    EXTI2_IRQHandler                         0x080004cb   Thumb Code     0  startup_stm32f40_41xxx.o(.text)
    EXTI3_IRQHandler                         0x080004cb   Thumb Code     0  startup_stm32f40_41xxx.o(.text)
    EXTI4_IRQHandler                         0x080004cb   Thumb Code     0  startup_stm32f40_41xxx.o(.text)
    EXTI9_5_IRQHandler                       0x080004cb   Thumb Code     0  startup_stm32f40_41xxx.o(.text)
    FLASH_IRQHandler                         0x080004cb   Thumb Code     0  startup_stm32f40_41xxx.o(.text)
    FPU_IRQHandler                           0x080004cb   Thumb Code     0  startup_stm32f40_41xxx.o(.text)
    FSMC_IRQHandler                          0x080004cb   Thumb Code     0  startup_stm32f40_41xxx.o(.text)
    HASH_RNG_IRQHandler                      0x080004cb   Thumb Code     0  startup_stm32f40_41xxx.o(.text)
    I2C1_ER_IRQHandler                       0x080004cb   Thumb Code     0  startup_stm32f40_41xxx.o(.text)
    I2C1_EV_IRQHandler                       0x080004cb   Thumb Code     0  startup_stm32f40_41xxx.o(.text)
    I2C2_ER_IRQHandler                       0x080004cb   Thumb Code     0  startup_stm32f40_41xxx.o(.text)
    I2C2_EV_IRQHandler                       0x080004cb   Thumb Code     0  startup_stm32f40_41xxx.o(.text)
    I2C3_ER_IRQHandler                       0x080004cb   Thumb Code     0  startup_stm32f40_41xxx.o(.text)
    I2C3_EV_IRQHandler                       0x080004cb   Thumb Code     0  startup_stm32f40_41xxx.o(.text)
    OTG_FS_IRQHandler                        0x080004cb   Thumb Code     0  startup_stm32f40_41xxx.o(.text)
    OTG_FS_WKUP_IRQHandler                   0x080004cb   Thumb Code     0  startup_stm32f40_41xxx.o(.text)
    OTG_HS_EP1_IN_IRQHandler                 0x080004cb   Thumb Code     0  startup_stm32f40_41xxx.o(.text)
    OTG_HS_EP1_OUT_IRQHandler                0x080004cb   Thumb Code     0  startup_stm32f40_41xxx.o(.text)
    OTG_HS_IRQHandler                        0x080004cb   Thumb Code     0  startup_stm32f40_41xxx.o(.text)
    OTG_HS_WKUP_IRQHandler                   0x080004cb   Thumb Code     0  startup_stm32f40_41xxx.o(.text)
    PVD_IRQHandler                           0x080004cb   Thumb Code     0  startup_stm32f40_41xxx.o(.text)
    RCC_IRQHandler                           0x080004cb   Thumb Code     0  startup_stm32f40_41xxx.o(.text)
    RTC_Alarm_IRQHandler                     0x080004cb   Thumb Code     0  startup_stm32f40_41xxx.o(.text)
    RTC_WKUP_IRQHandler                      0x080004cb   Thumb Code     0  startup_stm32f40_41xxx.o(.text)
    SDIO_IRQHandler                          0x080004cb   Thumb Code     0  startup_stm32f40_41xxx.o(.text)
    SPI1_IRQHandler                          0x080004cb   Thumb Code     0  startup_stm32f40_41xxx.o(.text)
    SPI2_IRQHandler                          0x080004cb   Thumb Code     0  startup_stm32f40_41xxx.o(.text)
    SPI3_IRQHandler                          0x080004cb   Thumb Code     0  startup_stm32f40_41xxx.o(.text)
    TAMP_STAMP_IRQHandler                    0x080004cb   Thumb Code     0  startup_stm32f40_41xxx.o(.text)
    TIM1_BRK_TIM9_IRQHandler                 0x080004cb   Thumb Code     0  startup_stm32f40_41xxx.o(.text)
    TIM1_CC_IRQHandler                       0x080004cb   Thumb Code     0  startup_stm32f40_41xxx.o(.text)
    TIM1_TRG_COM_TIM11_IRQHandler            0x080004cb   Thumb Code     0  startup_stm32f40_41xxx.o(.text)
    TIM1_UP_TIM10_IRQHandler                 0x080004cb   Thumb Code     0  startup_stm32f40_41xxx.o(.text)
    TIM2_IRQHandler                          0x080004cb   Thumb Code     0  startup_stm32f40_41xxx.o(.text)
    TIM4_IRQHandler                          0x080004cb   Thumb Code     0  startup_stm32f40_41xxx.o(.text)
    TIM5_IRQHandler                          0x080004cb   Thumb Code     0  startup_stm32f40_41xxx.o(.text)
    TIM6_DAC_IRQHandler                      0x080004cb   Thumb Code     0  startup_stm32f40_41xxx.o(.text)
    TIM7_IRQHandler                          0x080004cb   Thumb Code     0  startup_stm32f40_41xxx.o(.text)
    TIM8_BRK_TIM12_IRQHandler                0x080004cb   Thumb Code     0  startup_stm32f40_41xxx.o(.text)
    TIM8_CC_IRQHandler                       0x080004cb   Thumb Code     0  startup_stm32f40_41xxx.o(.text)
    TIM8_TRG_COM_TIM14_IRQHandler            0x080004cb   Thumb Code     0  startup_stm32f40_41xxx.o(.text)
    TIM8_UP_TIM13_IRQHandler                 0x080004cb   Thumb Code     0  startup_stm32f40_41xxx.o(.text)
    UART4_IRQHandler                         0x080004cb   Thumb Code     0  startup_stm32f40_41xxx.o(.text)
    UART5_IRQHandler                         0x080004cb   Thumb Code     0  startup_stm32f40_41xxx.o(.text)
    USART2_IRQHandler                        0x080004cb   Thumb Code     0  startup_stm32f40_41xxx.o(.text)
    USART3_IRQHandler                        0x080004cb   Thumb Code     0  startup_stm32f40_41xxx.o(.text)
    USART6_IRQHandler                        0x080004cb   Thumb Code     0  startup_stm32f40_41xxx.o(.text)
    WWDG_IRQHandler                          0x080004cb   Thumb Code     0  startup_stm32f40_41xxx.o(.text)
    NVIC_PriorityGroupConfig                 0x080004d5   Thumb Code    10  misc.o(.text)
    NVIC_Init                                0x080004df   Thumb Code   106  misc.o(.text)
    NVIC_SetVectorTable                      0x08000549   Thumb Code    14  misc.o(.text)
    NVIC_SystemLPConfig                      0x08000557   Thumb Code    34  misc.o(.text)
    SysTick_CLKSourceConfig                  0x08000579   Thumb Code    40  misc.o(.text)
    DMA_DeInit                               0x080005b5   Thumb Code   324  stm32f4xx_dma.o(.text)
    DMA_Init                                 0x080006f9   Thumb Code    82  stm32f4xx_dma.o(.text)
    DMA_StructInit                           0x0800074b   Thumb Code    34  stm32f4xx_dma.o(.text)
    DMA_Cmd                                  0x0800076d   Thumb Code    22  stm32f4xx_dma.o(.text)
    DMA_PeriphIncOffsetSizeConfig            0x08000783   Thumb Code    22  stm32f4xx_dma.o(.text)
    DMA_FlowControllerConfig                 0x08000799   Thumb Code    22  stm32f4xx_dma.o(.text)
    DMA_SetCurrDataCounter                   0x080007af   Thumb Code     4  stm32f4xx_dma.o(.text)
    DMA_GetCurrDataCounter                   0x080007b3   Thumb Code     8  stm32f4xx_dma.o(.text)
    DMA_DoubleBufferModeConfig               0x080007bb   Thumb Code    24  stm32f4xx_dma.o(.text)
    DMA_DoubleBufferModeCmd                  0x080007d3   Thumb Code    22  stm32f4xx_dma.o(.text)
    DMA_MemoryTargetConfig                   0x080007e9   Thumb Code    10  stm32f4xx_dma.o(.text)
    DMA_GetCurrentMemoryTarget               0x080007f3   Thumb Code    20  stm32f4xx_dma.o(.text)
    DMA_GetCmdStatus                         0x08000807   Thumb Code    20  stm32f4xx_dma.o(.text)
    DMA_GetFIFOStatus                        0x0800081b   Thumb Code    12  stm32f4xx_dma.o(.text)
    DMA_GetFlagStatus                        0x08000827   Thumb Code    56  stm32f4xx_dma.o(.text)
    DMA_ClearFlag                            0x0800085f   Thumb Code    40  stm32f4xx_dma.o(.text)
    DMA_ITConfig                             0x08000887   Thumb Code    58  stm32f4xx_dma.o(.text)
    DMA_GetITStatus                          0x080008c1   Thumb Code    84  stm32f4xx_dma.o(.text)
    DMA_ClearITPendingBit                    0x08000915   Thumb Code    40  stm32f4xx_dma.o(.text)
    GPIO_DeInit                              0x0800095d   Thumb Code   268  stm32f4xx_gpio.o(.text)
    GPIO_Init                                0x08000a69   Thumb Code   144  stm32f4xx_gpio.o(.text)
    GPIO_StructInit                          0x08000af9   Thumb Code    18  stm32f4xx_gpio.o(.text)
    GPIO_PinLockConfig                       0x08000b0b   Thumb Code    34  stm32f4xx_gpio.o(.text)
    GPIO_ReadInputDataBit                    0x08000b2d   Thumb Code    18  stm32f4xx_gpio.o(.text)
    GPIO_ReadInputData                       0x08000b3f   Thumb Code     8  stm32f4xx_gpio.o(.text)
    GPIO_ReadOutputDataBit                   0x08000b47   Thumb Code    18  stm32f4xx_gpio.o(.text)
    GPIO_ReadOutputData                      0x08000b59   Thumb Code     8  stm32f4xx_gpio.o(.text)
    GPIO_SetBits                             0x08000b61   Thumb Code     4  stm32f4xx_gpio.o(.text)
    GPIO_ResetBits                           0x08000b65   Thumb Code     4  stm32f4xx_gpio.o(.text)
    GPIO_WriteBit                            0x08000b69   Thumb Code    10  stm32f4xx_gpio.o(.text)
    GPIO_Write                               0x08000b73   Thumb Code     4  stm32f4xx_gpio.o(.text)
    GPIO_ToggleBits                          0x08000b77   Thumb Code     8  stm32f4xx_gpio.o(.text)
    GPIO_PinAFConfig                         0x08000b7f   Thumb Code    70  stm32f4xx_gpio.o(.text)
    RCC_DeInit                               0x08000bf1   Thumb Code    82  stm32f4xx_rcc.o(.text)
    RCC_HSEConfig                            0x08000c43   Thumb Code    14  stm32f4xx_rcc.o(.text)
    RCC_GetFlagStatus                        0x08000c51   Thumb Code    60  stm32f4xx_rcc.o(.text)
    RCC_WaitForHSEStartUp                    0x08000c8d   Thumb Code    56  stm32f4xx_rcc.o(.text)
    RCC_AdjustHSICalibrationValue            0x08000cc5   Thumb Code    20  stm32f4xx_rcc.o(.text)
    RCC_HSICmd                               0x08000cd9   Thumb Code     6  stm32f4xx_rcc.o(.text)
    RCC_LSEConfig                            0x08000cdf   Thumb Code    46  stm32f4xx_rcc.o(.text)
    RCC_LSICmd                               0x08000d0d   Thumb Code     6  stm32f4xx_rcc.o(.text)
    RCC_PLLConfig                            0x08000d13   Thumb Code    32  stm32f4xx_rcc.o(.text)
    RCC_PLLCmd                               0x08000d33   Thumb Code     6  stm32f4xx_rcc.o(.text)
    RCC_PLLI2SConfig                         0x08000d39   Thumb Code    14  stm32f4xx_rcc.o(.text)
    RCC_PLLI2SCmd                            0x08000d47   Thumb Code     6  stm32f4xx_rcc.o(.text)
    RCC_PLLSAIConfig                         0x08000d4d   Thumb Code    20  stm32f4xx_rcc.o(.text)
    RCC_PLLSAICmd                            0x08000d61   Thumb Code     6  stm32f4xx_rcc.o(.text)
    RCC_ClockSecuritySystemCmd               0x08000d67   Thumb Code     6  stm32f4xx_rcc.o(.text)
    RCC_MCO1Config                           0x08000d6d   Thumb Code    28  stm32f4xx_rcc.o(.text)
    RCC_MCO2Config                           0x08000d89   Thumb Code    28  stm32f4xx_rcc.o(.text)
    RCC_SYSCLKConfig                         0x08000da5   Thumb Code    20  stm32f4xx_rcc.o(.text)
    RCC_GetSYSCLKSource                      0x08000db9   Thumb Code    12  stm32f4xx_rcc.o(.text)
    RCC_HCLKConfig                           0x08000dc5   Thumb Code    20  stm32f4xx_rcc.o(.text)
    RCC_PCLK1Config                          0x08000dd9   Thumb Code    20  stm32f4xx_rcc.o(.text)
    RCC_PCLK2Config                          0x08000ded   Thumb Code    22  stm32f4xx_rcc.o(.text)
    RCC_GetClocksFreq                        0x08000e03   Thumb Code   222  stm32f4xx_rcc.o(.text)
    RCC_RTCCLKConfig                         0x08000ee1   Thumb Code    54  stm32f4xx_rcc.o(.text)
    RCC_RTCCLKCmd                            0x08000f17   Thumb Code     8  stm32f4xx_rcc.o(.text)
    RCC_BackupResetCmd                       0x08000f1f   Thumb Code     8  stm32f4xx_rcc.o(.text)
    RCC_I2SCLKConfig                         0x08000f27   Thumb Code     6  stm32f4xx_rcc.o(.text)
    RCC_SAIPLLI2SClkDivConfig                0x08000f2d   Thumb Code    26  stm32f4xx_rcc.o(.text)
    RCC_SAIPLLSAIClkDivConfig                0x08000f47   Thumb Code    28  stm32f4xx_rcc.o(.text)
    RCC_SAIBlockACLKConfig                   0x08000f63   Thumb Code    20  stm32f4xx_rcc.o(.text)
    RCC_SAIBlockBCLKConfig                   0x08000f77   Thumb Code    20  stm32f4xx_rcc.o(.text)
    RCC_LTDCCLKDivConfig                     0x08000f8b   Thumb Code    20  stm32f4xx_rcc.o(.text)
    RCC_TIMCLKPresConfig                     0x08000f9f   Thumb Code     6  stm32f4xx_rcc.o(.text)
    RCC_AHB1PeriphClockCmd                   0x08000fa5   Thumb Code    34  stm32f4xx_rcc.o(.text)
    RCC_AHB2PeriphClockCmd                   0x08000fc7   Thumb Code    78  stm32f4xx_rcc.o(.text)
    RCC_AHB3PeriphClockCmd                   0x08001015   Thumb Code    34  stm32f4xx_rcc.o(.text)
    RCC_APB1PeriphClockCmd                   0x08001037   Thumb Code    34  stm32f4xx_rcc.o(.text)
    RCC_APB2PeriphClockCmd                   0x08001059   Thumb Code    34  stm32f4xx_rcc.o(.text)
    RCC_AHB1PeriphResetCmd                   0x0800107b   Thumb Code    34  stm32f4xx_rcc.o(.text)
    RCC_AHB2PeriphResetCmd                   0x0800109d   Thumb Code    34  stm32f4xx_rcc.o(.text)
    RCC_AHB3PeriphResetCmd                   0x080010bf   Thumb Code    34  stm32f4xx_rcc.o(.text)
    RCC_APB1PeriphResetCmd                   0x080010e1   Thumb Code    34  stm32f4xx_rcc.o(.text)
    RCC_APB2PeriphResetCmd                   0x08001103   Thumb Code    34  stm32f4xx_rcc.o(.text)
    RCC_AHB1PeriphClockLPModeCmd             0x08001125   Thumb Code    34  stm32f4xx_rcc.o(.text)
    RCC_AHB2PeriphClockLPModeCmd             0x08001147   Thumb Code    34  stm32f4xx_rcc.o(.text)
    RCC_AHB3PeriphClockLPModeCmd             0x08001169   Thumb Code    34  stm32f4xx_rcc.o(.text)
    RCC_APB1PeriphClockLPModeCmd             0x0800118b   Thumb Code    34  stm32f4xx_rcc.o(.text)
    RCC_APB2PeriphClockLPModeCmd             0x080011ad   Thumb Code    34  stm32f4xx_rcc.o(.text)
    RCC_LSEModeConfig                        0x080011cf   Thumb Code    40  stm32f4xx_rcc.o(.text)
    RCC_ITConfig                             0x080011f7   Thumb Code    34  stm32f4xx_rcc.o(.text)
    RCC_ClearFlag                            0x08001219   Thumb Code    18  stm32f4xx_rcc.o(.text)
    RCC_GetITStatus                          0x0800122b   Thumb Code    22  stm32f4xx_rcc.o(.text)
    RCC_ClearITPendingBit                    0x08001241   Thumb Code     8  stm32f4xx_rcc.o(.text)
    TIM_DeInit                               0x0800124d   Thumb Code   346  stm32f4xx_tim.o(.text)
    TIM_TimeBaseInit                         0x080013a7   Thumb Code   104  stm32f4xx_tim.o(.text)
    TIM_TimeBaseStructInit                   0x0800140f   Thumb Code    18  stm32f4xx_tim.o(.text)
    TIM_PrescalerConfig                      0x08001421   Thumb Code     6  stm32f4xx_tim.o(.text)
    TIM_CounterModeConfig                    0x08001427   Thumb Code    18  stm32f4xx_tim.o(.text)
    TIM_SetCounter                           0x08001439   Thumb Code     4  stm32f4xx_tim.o(.text)
    TIM_SetAutoreload                        0x0800143d   Thumb Code     4  stm32f4xx_tim.o(.text)
    TIM_GetCounter                           0x08001441   Thumb Code     6  stm32f4xx_tim.o(.text)
    TIM_GetPrescaler                         0x08001447   Thumb Code     6  stm32f4xx_tim.o(.text)
    TIM_UpdateDisableConfig                  0x0800144d   Thumb Code    24  stm32f4xx_tim.o(.text)
    TIM_UpdateRequestConfig                  0x08001465   Thumb Code    24  stm32f4xx_tim.o(.text)
    TIM_ARRPreloadConfig                     0x0800147d   Thumb Code    24  stm32f4xx_tim.o(.text)
    TIM_SelectOnePulseMode                   0x08001495   Thumb Code    18  stm32f4xx_tim.o(.text)
    TIM_SetClockDivision                     0x080014a7   Thumb Code    18  stm32f4xx_tim.o(.text)
    TIM_Cmd                                  0x080014b9   Thumb Code    24  stm32f4xx_tim.o(.text)
    TIM_OC1Init                              0x080014d1   Thumb Code   114  stm32f4xx_tim.o(.text)
    TIM_OC2Init                              0x08001543   Thumb Code   154  stm32f4xx_tim.o(.text)
    TIM_OC3Init                              0x080015dd   Thumb Code   204  stm32f4xx_tim.o(.text)
    TIM_OC4Init                              0x080016a9   Thumb Code   112  stm32f4xx_tim.o(.text)
    TIM_OCStructInit                         0x08001719   Thumb Code    20  stm32f4xx_tim.o(.text)
    TIM_SelectOCxM                           0x0800172d   Thumb Code    86  stm32f4xx_tim.o(.text)
    TIM_SetCompare1                          0x08001783   Thumb Code     4  stm32f4xx_tim.o(.text)
    TIM_SetCompare2                          0x08001787   Thumb Code     4  stm32f4xx_tim.o(.text)
    TIM_SetCompare3                          0x0800178b   Thumb Code     4  stm32f4xx_tim.o(.text)
    TIM_SetCompare4                          0x0800178f   Thumb Code     4  stm32f4xx_tim.o(.text)
    TIM_ForcedOC1Config                      0x08001793   Thumb Code    18  stm32f4xx_tim.o(.text)
    TIM_ForcedOC2Config                      0x080017a5   Thumb Code    26  stm32f4xx_tim.o(.text)
    TIM_ForcedOC3Config                      0x080017bf   Thumb Code    18  stm32f4xx_tim.o(.text)
    TIM_ForcedOC4Config                      0x080017d1   Thumb Code    26  stm32f4xx_tim.o(.text)
    TIM_OC1PreloadConfig                     0x080017eb   Thumb Code    18  stm32f4xx_tim.o(.text)
    TIM_OC2PreloadConfig                     0x080017fd   Thumb Code    26  stm32f4xx_tim.o(.text)
    TIM_OC3PreloadConfig                     0x08001817   Thumb Code    18  stm32f4xx_tim.o(.text)
    TIM_OC4PreloadConfig                     0x08001829   Thumb Code    26  stm32f4xx_tim.o(.text)
    TIM_OC1FastConfig                        0x08001843   Thumb Code    18  stm32f4xx_tim.o(.text)
    TIM_OC2FastConfig                        0x08001855   Thumb Code    26  stm32f4xx_tim.o(.text)
    TIM_OC3FastConfig                        0x0800186f   Thumb Code    18  stm32f4xx_tim.o(.text)
    TIM_OC4FastConfig                        0x08001881   Thumb Code    26  stm32f4xx_tim.o(.text)
    TIM_ClearOC1Ref                          0x0800189b   Thumb Code    18  stm32f4xx_tim.o(.text)
    TIM_ClearOC2Ref                          0x080018ad   Thumb Code    24  stm32f4xx_tim.o(.text)
    TIM_ClearOC3Ref                          0x080018c5   Thumb Code    18  stm32f4xx_tim.o(.text)
    TIM_ClearOC4Ref                          0x080018d7   Thumb Code    24  stm32f4xx_tim.o(.text)
    TIM_OC1PolarityConfig                    0x080018ef   Thumb Code    18  stm32f4xx_tim.o(.text)
    TIM_OC1NPolarityConfig                   0x08001901   Thumb Code    18  stm32f4xx_tim.o(.text)
    TIM_OC2PolarityConfig                    0x08001913   Thumb Code    26  stm32f4xx_tim.o(.text)
    TIM_OC2NPolarityConfig                   0x0800192d   Thumb Code    26  stm32f4xx_tim.o(.text)
    TIM_OC3PolarityConfig                    0x08001947   Thumb Code    26  stm32f4xx_tim.o(.text)
    TIM_OC3NPolarityConfig                   0x08001961   Thumb Code    26  stm32f4xx_tim.o(.text)
    TIM_OC4PolarityConfig                    0x0800197b   Thumb Code    26  stm32f4xx_tim.o(.text)
    TIM_CCxCmd                               0x08001995   Thumb Code    30  stm32f4xx_tim.o(.text)
    TIM_CCxNCmd                              0x080019b3   Thumb Code    30  stm32f4xx_tim.o(.text)
    TIM_SetIC4Prescaler                      0x080019d1   Thumb Code    26  stm32f4xx_tim.o(.text)
    TIM_SetIC3Prescaler                      0x08001a3b   Thumb Code    18  stm32f4xx_tim.o(.text)
    TIM_SetIC2Prescaler                      0x08001a95   Thumb Code    26  stm32f4xx_tim.o(.text)
    TIM_SetIC1Prescaler                      0x08001b09   Thumb Code    18  stm32f4xx_tim.o(.text)
    TIM_ICInit                               0x08001b55   Thumb Code   110  stm32f4xx_tim.o(.text)
    TIM_ICStructInit                         0x08001bc3   Thumb Code    18  stm32f4xx_tim.o(.text)
    TIM_PWMIConfig                           0x08001bd5   Thumb Code   124  stm32f4xx_tim.o(.text)
    TIM_GetCapture1                          0x08001c51   Thumb Code     6  stm32f4xx_tim.o(.text)
    TIM_GetCapture2                          0x08001c57   Thumb Code     6  stm32f4xx_tim.o(.text)
    TIM_GetCapture3                          0x08001c5d   Thumb Code     6  stm32f4xx_tim.o(.text)
    TIM_GetCapture4                          0x08001c63   Thumb Code     6  stm32f4xx_tim.o(.text)
    TIM_BDTRConfig                           0x08001c69   Thumb Code    32  stm32f4xx_tim.o(.text)
    TIM_BDTRStructInit                       0x08001c89   Thumb Code    18  stm32f4xx_tim.o(.text)
    TIM_CtrlPWMOutputs                       0x08001c9b   Thumb Code    30  stm32f4xx_tim.o(.text)
    TIM_SelectCOM                            0x08001cb9   Thumb Code    24  stm32f4xx_tim.o(.text)
    TIM_CCPreloadControl                     0x08001cd1   Thumb Code    24  stm32f4xx_tim.o(.text)
    TIM_ITConfig                             0x08001ce9   Thumb Code    18  stm32f4xx_tim.o(.text)
    TIM_GenerateEvent                        0x08001cfb   Thumb Code     4  stm32f4xx_tim.o(.text)
    TIM_GetFlagStatus                        0x08001cff   Thumb Code    18  stm32f4xx_tim.o(.text)
    TIM_ClearFlag                            0x08001d11   Thumb Code     6  stm32f4xx_tim.o(.text)
    TIM_GetITStatus                          0x08001d17   Thumb Code    34  stm32f4xx_tim.o(.text)
    TIM_ClearITPendingBit                    0x08001d39   Thumb Code     6  stm32f4xx_tim.o(.text)
    TIM_DMAConfig                            0x08001d3f   Thumb Code    10  stm32f4xx_tim.o(.text)
    TIM_DMACmd                               0x08001d49   Thumb Code    18  stm32f4xx_tim.o(.text)
    TIM_SelectCCDMA                          0x08001d5b   Thumb Code    24  stm32f4xx_tim.o(.text)
    TIM_InternalClockConfig                  0x08001d73   Thumb Code    12  stm32f4xx_tim.o(.text)
    TIM_SelectInputTrigger                   0x08001d7f   Thumb Code    18  stm32f4xx_tim.o(.text)
    TIM_ITRxExternalClockConfig              0x08001d91   Thumb Code    24  stm32f4xx_tim.o(.text)
    TIM_TIxExternalClockConfig               0x08001da9   Thumb Code    62  stm32f4xx_tim.o(.text)
    TIM_ETRConfig                            0x08001de7   Thumb Code    28  stm32f4xx_tim.o(.text)
    TIM_ETRClockMode1Config                  0x08001e03   Thumb Code    54  stm32f4xx_tim.o(.text)
    TIM_ETRClockMode2Config                  0x08001e39   Thumb Code    32  stm32f4xx_tim.o(.text)
    TIM_SelectOutputTrigger                  0x08001e59   Thumb Code    18  stm32f4xx_tim.o(.text)
    TIM_SelectSlaveMode                      0x08001e6b   Thumb Code    18  stm32f4xx_tim.o(.text)
    TIM_SelectMasterSlaveMode                0x08001e7d   Thumb Code    18  stm32f4xx_tim.o(.text)
    TIM_EncoderInterfaceConfig               0x08001e8f   Thumb Code    66  stm32f4xx_tim.o(.text)
    TIM_SelectHallSensor                     0x08001ed1   Thumb Code    24  stm32f4xx_tim.o(.text)
    TIM_RemapConfig                          0x08001ee9   Thumb Code     6  stm32f4xx_tim.o(.text)
    USART_DeInit                             0x08001ef1   Thumb Code   206  stm32f4xx_usart.o(.text)
    USART_Init                               0x08001fbf   Thumb Code   204  stm32f4xx_usart.o(.text)
    USART_StructInit                         0x0800208b   Thumb Code    24  stm32f4xx_usart.o(.text)
    USART_ClockInit                          0x080020a3   Thumb Code    32  stm32f4xx_usart.o(.text)
    USART_ClockStructInit                    0x080020c3   Thumb Code    12  stm32f4xx_usart.o(.text)
    USART_Cmd                                0x080020cf   Thumb Code    24  stm32f4xx_usart.o(.text)
    USART_SetPrescaler                       0x080020e7   Thumb Code    16  stm32f4xx_usart.o(.text)
    USART_OverSampling8Cmd                   0x080020f7   Thumb Code    22  stm32f4xx_usart.o(.text)
    USART_OneBitMethodCmd                    0x0800210d   Thumb Code    24  stm32f4xx_usart.o(.text)
    USART_SendData                           0x08002125   Thumb Code     8  stm32f4xx_usart.o(.text)
    USART_ReceiveData                        0x0800212d   Thumb Code    10  stm32f4xx_usart.o(.text)
    USART_SetAddress                         0x08002137   Thumb Code    18  stm32f4xx_usart.o(.text)
    USART_ReceiverWakeUpCmd                  0x08002149   Thumb Code    24  stm32f4xx_usart.o(.text)
    USART_WakeUpConfig                       0x08002161   Thumb Code    18  stm32f4xx_usart.o(.text)
    USART_LINBreakDetectLengthConfig         0x08002173   Thumb Code    18  stm32f4xx_usart.o(.text)
    USART_LINCmd                             0x08002185   Thumb Code    24  stm32f4xx_usart.o(.text)
    USART_SendBreak                          0x0800219d   Thumb Code    10  stm32f4xx_usart.o(.text)
    USART_HalfDuplexCmd                      0x080021a7   Thumb Code    24  stm32f4xx_usart.o(.text)
    USART_SetGuardTime                       0x080021bf   Thumb Code    16  stm32f4xx_usart.o(.text)
    USART_SmartCardCmd                       0x080021cf   Thumb Code    24  stm32f4xx_usart.o(.text)
    USART_SmartCardNACKCmd                   0x080021e7   Thumb Code    24  stm32f4xx_usart.o(.text)
    USART_IrDAConfig                         0x080021ff   Thumb Code    18  stm32f4xx_usart.o(.text)
    USART_IrDACmd                            0x08002211   Thumb Code    24  stm32f4xx_usart.o(.text)
    USART_DMACmd                             0x08002229   Thumb Code    18  stm32f4xx_usart.o(.text)
    USART_ITConfig                           0x0800223b   Thumb Code    74  stm32f4xx_usart.o(.text)
    USART_GetFlagStatus                      0x08002285   Thumb Code    26  stm32f4xx_usart.o(.text)
    USART_ClearFlag                          0x0800229f   Thumb Code    18  stm32f4xx_usart.o(.text)
    USART_GetITStatus                        0x080022b1   Thumb Code   118  stm32f4xx_usart.o(.text)
    USART_ClearITPendingBit                  0x08002327   Thumb Code    30  stm32f4xx_usart.o(.text)
    SysTickConfig                            0x08002365   Thumb Code    80  timer.o(.text)
    LED_Init                                 0x080023b5   Thumb Code    60  timer.o(.text)
    TIM3_Int_Init                            0x080023f1   Thumb Code    88  timer.o(.text)
    TIM3_IRQHandler                          0x08002449   Thumb Code    96  timer.o(.text)
    OLED_WR_Byte                             0x080024cd   Thumb Code   116  oled.o(.text)
    OLED_WR_Byte2                            0x08002541   Thumb Code   116  oled.o(.text)
    OLED_Set_Pos                             0x080025b5   Thumb Code    46  oled.o(.text)
    OLED_Display_On                          0x080025e3   Thumb Code    28  oled.o(.text)
    OLED_Display_Off                         0x080025ff   Thumb Code    28  oled.o(.text)
    OLED_Clear                               0x0800261b   Thumb Code    64  oled.o(.text)
    OLED_ShowChar                            0x0800265b   Thumb Code   106  oled.o(.text)
    OLED_ShowChar2                           0x080026c5   Thumb Code   106  oled.o(.text)
    OLED_DrawPoint                           0x0800272f   Thumb Code   108  oled.o(.text)
    oled_pow                                 0x0800279b   Thumb Code    22  oled.o(.text)
    OLED_ShowNum                             0x080027b1   Thumb Code   132  oled.o(.text)
    OLED_ShowString                          0x08002835   Thumb Code    74  oled.o(.text)
    OLED_ShowChar1                           0x0800287f   Thumb Code   180  oled.o(.text)
    OLED_ShowString1                         0x08002933   Thumb Code    68  oled.o(.text)
    OLED_ShowCHinese                         0x08002977   Thumb Code   150  oled.o(.text)
    OLED_DrawBMP                             0x08002a0d   Thumb Code   118  oled.o(.text)
    OLED_Init                                0x08002a83   Thumb Code   422  oled.o(.text)
    _sys_exit                                0x08002c31   Thumb Code     4  usart.o(.text)
    fputc                                    0x08002c35   Thumb Code    22  usart.o(.text)
    uart_init                                0x08002c4b   Thumb Code   194  usart.o(.text)
    USART1_IRQHandler                        0x08002d0d   Thumb Code   138  usart.o(.text)
    Key_Gpio                                 0x08002db5   Thumb Code    78  modrol_key.o(.text)
    getKey                                   0x08002e03   Thumb Code    94  modrol_key.o(.text)
    readKeyValue                             0x08002e61   Thumb Code   222  modrol_key.o(.text)
    keyHandle                                0x08002f3f   Thumb Code   188  modrol_key.o(.text)
    keyInitOne                               0x08002ffb   Thumb Code    82  modrol_key.o(.text)
    keyParaInit                              0x0800304d   Thumb Code    24  modrol_key.o(.text)
    key1ShortPress                           0x08003065   Thumb Code   368  modrol_key.o(.text)
    key1LongPress                            0x080031d5   Thumb Code     8  modrol_key.o(.text)
    key2ShortPress                           0x080031dd   Thumb Code    68  modrol_key.o(.text)
    key2LongPress                            0x08003221   Thumb Code  2396  modrol_key.o(.text)
    key3ShortPress                           0x08003b7d   Thumb Code  2480  modrol_key.o(.text)
    key3LongPress                            0x0800452d   Thumb Code     8  modrol_key.o(.text)
    key4ShortPress                           0x08004535   Thumb Code  2490  modrol_key.o(.text)
    key4LongPress                            0x08004eef   Thumb Code     8  modrol_key.o(.text)
    keyInit                                  0x08004ef7   Thumb Code   156  modrol_key.o(.text)
    parse_data                               0x08004fc5   Thumb Code    62  modrol_menu.o(.text)
    Cursor_position                          0x08005003   Thumb Code    92  modrol_menu.o(.text)
    Display_format                           0x0800505f   Thumb Code   170  modrol_menu.o(.text)
    Show_data                                0x08005109   Thumb Code   638  modrol_menu.o(.text)
    Judge_positive_negative                  0x08005387   Thumb Code    58  modrol_menu.o(.text)
    showMenu                                 0x080053c1   Thumb Code  1846  modrol_menu.o(.text)
    extractNumbers                           0x08005b11   Thumb Code    64  mitsubishi_fx2.o(.text)
    extractNumbers2                          0x08005b51   Thumb Code    44  mitsubishi_fx2.o(.text)
    addHexNumbers                            0x08005b7d   Thumb Code    78  mitsubishi_fx2.o(.text)
    hexCharToInt                             0x08005bcb   Thumb Code    48  mitsubishi_fx2.o(.text)
    hex_to_ascii                             0x08005bfb   Thumb Code    36  mitsubishi_fx2.o(.text)
    IScommandvalid                           0x08005c1f   Thumb Code    90  mitsubishi_fx2.o(.text)
    getdataadress                            0x08005c79   Thumb Code    58  mitsubishi_fx2.o(.text)
    getdataCount                             0x08005cb3   Thumb Code    78  mitsubishi_fx2.o(.text)
    getRequestedData                         0x08005d01   Thumb Code   924  mitsubishi_fx2.o(.text)
    processResponse                          0x0800609d   Thumb Code    66  mitsubishi_fx2.o(.text)
    u2DMA_RX_Config                          0x080060f1   Thumb Code   180  dma.o(.text)
    u2DMA_TX_Config                          0x080061a5   Thumb Code   126  dma.o(.text)
    DMA2_Stream5_IRQHandler                  0x08006223   Thumb Code    98  dma.o(.text)
    Modbus_Crc_Compute                       0x080062a5   Thumb Code    40  modbus_core_crc.o(.text)
    Modbus_Poll_Init                         0x080062d1   Thumb Code     6  slave_rtu.o(.text)
    add_crc                                  0x080062d7   Thumb Code    42  slave_rtu.o(.text)
    Slave_WriteReg                           0x08006347   Thumb Code    86  slave_rtu.o(.text)
    Slave_ReadHoldReg                        0x0800639d   Thumb Code    42  slave_rtu.o(.text)
    Modbus_Poll                              0x08006417   Thumb Code   336  slave_rtu.o(.text)
    __aeabi_memcpy                           0x08006581   Thumb Code    36  memcpya.o(.text)
    __aeabi_memcpy4                          0x08006581   Thumb Code     0  memcpya.o(.text)
    __aeabi_memcpy8                          0x08006581   Thumb Code     0  memcpya.o(.text)
    __aeabi_memset                           0x080065a5   Thumb Code    14  memseta.o(.text)
    __aeabi_memset4                          0x080065a5   Thumb Code     0  memseta.o(.text)
    __aeabi_memset8                          0x080065a5   Thumb Code     0  memseta.o(.text)
    __aeabi_memclr                           0x080065b3   Thumb Code     4  memseta.o(.text)
    __aeabi_memclr4                          0x080065b3   Thumb Code     0  memseta.o(.text)
    __aeabi_memclr8                          0x080065b3   Thumb Code     0  memseta.o(.text)
    _memset$wrapper                          0x080065b7   Thumb Code    18  memseta.o(.text)
    __aeabi_uidiv                            0x080065c9   Thumb Code     0  uidiv.o(.text)
    __aeabi_uidivmod                         0x080065c9   Thumb Code    44  uidiv.o(.text)
    __scatterload                            0x080065f5   Thumb Code    28  init.o(.text)
    __scatterload_rt2                        0x080065f5   Thumb Code     0  init.o(.text)
    __decompress                             0x08006619   Thumb Code     0  __dclz77c.o(.text)
    __decompress2                            0x08006619   Thumb Code    94  __dclz77c.o(.text)
    __0printf$1                              0x08006679   Thumb Code    22  printf1.o(i.__0printf$1)
    __1printf$1                              0x08006679   Thumb Code     0  printf1.o(i.__0printf$1)
    __2printf                                0x08006679   Thumb Code     0  printf1.o(i.__0printf$1)
    __scatterload_copy                       0x08006699   Thumb Code    14  handlers.o(i.__scatterload_copy)
    __scatterload_null                       0x080066a7   Thumb Code     2  handlers.o(i.__scatterload_null)
    __scatterload_zeroinit                   0x080066a9   Thumb Code    14  handlers.o(i.__scatterload_zeroinit)
    oled_asc2_1206                           0x0800680c   Data        1140  oled.o(.constdata)
    oled_asc2_1608                           0x08006c80   Data        1520  oled.o(.constdata)
    F6x8                                     0x08007270   Data         552  oled.o(.constdata)
    F8X16                                    0x08007498   Data        1520  oled.o(.constdata)
    M_INDEX                                  0x08007a88   Data         828  variables.o(.constdata)
    M_FORMAT                                 0x08007dc4   Data        3780  variables.o(.constdata)
    M_FORMAT_SIZE                            0x08008c88   Data           2  variables.o(.constdata)
    Region$$Table$$Base                      0x08008c8c   Number         0  anon$$obj.o(Region$$Table)
    Region$$Table$$Limit                     0x08008cac   Number         0  anon$$obj.o(Region$$Table)
    SystemCoreClock                          0x20000000   Data           4  system_stm32f4xx.o(.data)
    AHBPrescTable                            0x20000004   Data          16  system_stm32f4xx.o(.data)
    Hzk                                      0x20000028   Data        4800  oled.o(.data)
    __stdout                                 0x200012e8   Data           4  usart.o(.data)
    dum                                      0x200012ec   Data           1  usart.o(.data)
    Rx_DMA_receive_size                      0x200012ed   Data           1  usart.o(.data)
    dataStorage                              0x200012ee   Data         828  usart.o(.data)
    keyCountTime                             0x2000162a   Data           1  modrol_key.o(.data)
    keys                                     0x2000162c   Data           5  modrol_key.o(.data)
    dataLength                               0x2000163c   Data           4  mitsubishi_fx2.o(.data)
    find_03                                  0x20001640   Data           4  mitsubishi_fx2.o(.data)
    vaild                                    0x20001644   Data           4  mitsubishi_fx2.o(.data)
    reg_start_addr                           0x20001872   Data           2  slave_rtu.o(.data)
    uint8_array                              0x20001874   Data         500  main.o(.bss)
    OLED_GRAM                                0x20001a68   Data        2112  oled.o(.bss)
    Rx_DMA_receive                           0x200022a8   Data         100  usart.o(.bss)
    key                                      0x2000230c   Data          76  modrol_key.o(.bss)
    singleKey                                0x20002358   Data          84  modrol_key.o(.bss)
    resultArray                              0x200023ac   Data          40  mitsubishi_fx2.o(.bss)
    __initial_sp                             0x200028e0   Data           0  startup_stm32f40_41xxx.o(STACK)



==============================================================================

Memory Map of the image

  Image Entry point : 0x08000189

  Load Region LR_IROM1 (Base: 0x08000000, Size: 0x0000a520, Max: 0x00100000, ABSOLUTE, COMPRESSED[0x000098dc])

    Execution Region ER_IROM1 (Exec base: 0x08000000, Load base: 0x08000000, Size: 0x00008cac, Max: 0x00100000, ABSOLUTE)

    Exec Addr    Load Addr    Size         Type   Attr      Idx    E Section Name        Object

    0x08000000   0x08000000   0x00000188   Data   RO          230    RESET               startup_stm32f40_41xxx.o
    0x08000188   0x08000188   0x00000000   Code   RO         1267  * .ARM.Collect$$$$00000000  mc_w.l(entry.o)
    0x08000188   0x08000188   0x00000004   Code   RO         1537    .ARM.Collect$$$$00000001  mc_w.l(entry2.o)
    0x0800018c   0x0800018c   0x00000004   Code   RO         1540    .ARM.Collect$$$$00000004  mc_w.l(entry5.o)
    0x08000190   0x08000190   0x00000000   Code   RO         1542    .ARM.Collect$$$$00000008  mc_w.l(entry7b.o)
    0x08000190   0x08000190   0x00000000   Code   RO         1544    .ARM.Collect$$$$0000000A  mc_w.l(entry8b.o)
    0x08000190   0x08000190   0x00000008   Code   RO         1545    .ARM.Collect$$$$0000000B  mc_w.l(entry9a.o)
    0x08000198   0x08000198   0x00000000   Code   RO         1547    .ARM.Collect$$$$0000000D  mc_w.l(entry10a.o)
    0x08000198   0x08000198   0x00000000   Code   RO         1549    .ARM.Collect$$$$0000000F  mc_w.l(entry11a.o)
    0x08000198   0x08000198   0x00000004   Code   RO         1538    .ARM.Collect$$$$00002712  mc_w.l(entry2.o)
    0x0800019c   0x0800019c   0x000000e8   Code   RO            3    .text               main.o
    0x08000284   0x08000284   0x0000001a   Code   RO          181    .text               stm32f4xx_it.o
    0x0800029e   0x0800029e   0x00000002   PAD
    0x080002a0   0x080002a0   0x00000210   Code   RO          204    .text               system_stm32f4xx.o
    0x080004b0   0x080004b0   0x00000024   Code   RO          231    .text               startup_stm32f40_41xxx.o
    0x080004d4   0x080004d4   0x000000e0   Code   RO          237    .text               misc.o
    0x080005b4   0x080005b4   0x000003a8   Code   RO          506    .text               stm32f4xx_dma.o
    0x0800095c   0x0800095c   0x00000294   Code   RO          612    .text               stm32f4xx_gpio.o
    0x08000bf0   0x08000bf0   0x0000065c   Code   RO          775    .text               stm32f4xx_rcc.o
    0x0800124c   0x0800124c   0x00000ca2   Code   RO          920    .text               stm32f4xx_tim.o
    0x08001eee   0x08001eee   0x00000002   PAD
    0x08001ef0   0x08001ef0   0x00000454   Code   RO          940    .text               stm32f4xx_usart.o
    0x08002344   0x08002344   0x00000188   Code   RO          980    .text               timer.o
    0x080024cc   0x080024cc   0x00000764   Code   RO         1009    .text               oled.o
    0x08002c30   0x08002c30   0x00000184   Code   RO         1035    .text               usart.o
    0x08002db4   0x08002db4   0x00002210   Code   RO         1109    .text               modrol_key.o
    0x08004fc4   0x08004fc4   0x00000b4c   Code   RO         1139    .text               modrol_menu.o
    0x08005b10   0x08005b10   0x000005e0   Code   RO         1180    .text               mitsubishi_fx2.o
    0x080060f0   0x080060f0   0x000001b4   Code   RO         1207    .text               dma.o
    0x080062a4   0x080062a4   0x0000002c   Code   RO         1225    .text               modbus_core_crc.o
    0x080062d0   0x080062d0   0x000002b0   Code   RO         1244    .text               slave_rtu.o
    0x08006580   0x08006580   0x00000024   Code   RO         1270    .text               mc_w.l(memcpya.o)
    0x080065a4   0x080065a4   0x00000024   Code   RO         1272    .text               mc_w.l(memseta.o)
    0x080065c8   0x080065c8   0x0000002c   Code   RO         1551    .text               mc_w.l(uidiv.o)
    0x080065f4   0x080065f4   0x00000024   Code   RO         1566    .text               mc_w.l(init.o)
    0x08006618   0x08006618   0x0000005e   Code   RO         1584    .text               mc_w.l(__dclz77c.o)
    0x08006676   0x08006676   0x00000002   PAD
    0x08006678   0x08006678   0x00000020   Code   RO         1321    i.__0printf$1       mc_w.l(printf1.o)
    0x08006698   0x08006698   0x0000000e   Code   RO         1578    i.__scatterload_copy  mc_w.l(handlers.o)
    0x080066a6   0x080066a6   0x00000002   Code   RO         1579    i.__scatterload_null  mc_w.l(handlers.o)
    0x080066a8   0x080066a8   0x0000000e   Code   RO         1580    i.__scatterload_zeroinit  mc_w.l(handlers.o)
    0x080066b6   0x080066b6   0x00000002   PAD
    0x080066b8   0x080066b8   0x00000154   Code   RO         1328    i._printf_core      mc_w.l(printf1.o)
    0x0800680c   0x0800680c   0x0000127c   Data   RO         1011    .constdata          oled.o
    0x08007a88   0x08007a88   0x00001202   Data   RO         1159    .constdata          variables.o
    0x08008c8a   0x08008c8a   0x00000002   PAD
    0x08008c8c   0x08008c8c   0x00000020   Data   RO         1576    Region$$Table       anon$$obj.o


    Execution Region RW_IRAM1 (Exec base: 0x20000000, Load base: 0x08008cac, Size: 0x000028e0, Max: 0x00020000, ABSOLUTE, COMPRESSED[0x00000c30])

    Exec Addr    Load Addr    Size         Type   Attr      Idx    E Section Name        Object

    0x20000000   COMPRESSED   0x00000014   Data   RW          205    .data               system_stm32f4xx.o
    0x20000014   COMPRESSED   0x00000010   Data   RW          776    .data               stm32f4xx_rcc.o
    0x20000024   COMPRESSED   0x00000004   Data   RW          981    .data               timer.o
    0x20000028   COMPRESSED   0x000012c0   Data   RW         1012    .data               oled.o
    0x200012e8   COMPRESSED   0x00000342   Data   RW         1037    .data               usart.o
    0x2000162a   COMPRESSED   0x0000000f   Data   RW         1111    .data               modrol_key.o
    0x20001639   COMPRESSED   0x00000003   PAD
    0x2000163c   COMPRESSED   0x00000034   Data   RW         1182    .data               mitsubishi_fx2.o
    0x20001670   COMPRESSED   0x00000200   Data   RW         1226    .data               modbus_core_crc.o
    0x20001870   COMPRESSED   0x00000004   Data   RW         1246    .data               slave_rtu.o
    0x20001874        -       0x000001f4   Zero   RW            4    .bss                main.o
    0x20001a68        -       0x00000840   Zero   RW         1010    .bss                oled.o
    0x200022a8        -       0x00000064   Zero   RW         1036    .bss                usart.o
    0x2000230c        -       0x000000a0   Zero   RW         1110    .bss                modrol_key.o
    0x200023ac        -       0x00000028   Zero   RW         1181    .bss                mitsubishi_fx2.o
    0x200023d4        -       0x0000010c   Zero   RW         1245    .bss                slave_rtu.o
    0x200024e0        -       0x00000400   Zero   RW          228    STACK               startup_stm32f40_41xxx.o


==============================================================================

Image component sizes


      Code (inc. data)   RO Data    RW Data    ZI Data      Debug   Object Name

       436         32          0          0          0       1958   dma.o
       232         34          0          0        500     295953   main.o
       224         20          0          0          0     230945   misc.o
      1504         96          0         52         40       4595   mitsubishi_fx2.o
        44          4          0        512          0       1245   modbus_core_crc.o
      8720        208          0         15        160       8878   modrol_key.o
      2892        158          0          0          0       3023   modrol_menu.o
      1892         30       4732       4800       2112       7073   oled.o
       688         26          0          4        268       3887   slave_rtu.o
        36          8        392          0       1024        820   startup_stm32f40_41xxx.o
       936         32          0          0          0       6389   stm32f4xx_dma.o
       660         44          0          0          0       4153   stm32f4xx_gpio.o
        26          0          0          0          0       1218   stm32f4xx_it.o
      1628         52          0         16          0      13020   stm32f4xx_rcc.o
      3234         60          0          0          0      23008   stm32f4xx_tim.o
      1108         34          0          0          0       7876   stm32f4xx_usart.o
       528         46          0         20          0       1767   system_stm32f4xx.o
       392         36          0          4          0      27834   timer.o
       388         30          0        834        100       3695   usart.o
         0          0       4610          0          0        717   variables.o

    ----------------------------------------------------------------------
     25572        950       9768       6260       4204     648054   Object Totals
         0          0         32          0          0          0   (incl. Generated)
         4          0          2          3          0          0   (incl. Padding)

    ----------------------------------------------------------------------

      Code (inc. data)   RO Data    RW Data    ZI Data      Debug   Library Member Name

        94          0          0          0          0          0   __dclz77c.o
         0          0          0          0          0          0   entry.o
         0          0          0          0          0          0   entry10a.o
         0          0          0          0          0          0   entry11a.o
         8          4          0          0          0          0   entry2.o
         4          0          0          0          0          0   entry5.o
         0          0          0          0          0          0   entry7b.o
         0          0          0          0          0          0   entry8b.o
         8          4          0          0          0          0   entry9a.o
        30          0          0          0          0          0   handlers.o
        36          8          0          0          0         68   init.o
        36          0          0          0          0         68   memcpya.o
        36          0          0          0          0        108   memseta.o
       372         14          0          0          0        184   printf1.o
        44          0          0          0          0         80   uidiv.o

    ----------------------------------------------------------------------
       672         30          0          0          0        508   Library Totals
         4          0          0          0          0          0   (incl. Padding)

    ----------------------------------------------------------------------

      Code (inc. data)   RO Data    RW Data    ZI Data      Debug   Library Name

       668         30          0          0          0        508   mc_w.l

    ----------------------------------------------------------------------
       672         30          0          0          0        508   Library Totals

    ----------------------------------------------------------------------

==============================================================================


      Code (inc. data)   RO Data    RW Data    ZI Data      Debug   

     26244        980       9768       6260       4204     644790   Grand Totals
     26244        980       9768       3120       4204     644790   ELF Image Totals (compressed)
     26244        980       9768       3120          0          0   ROM Totals

==============================================================================

    Total RO  Size (Code + RO Data)                36012 (  35.17kB)
    Total RW  Size (RW Data + ZI Data)             10464 (  10.22kB)
    Total ROM Size (Code + RO Data + RW Data)      39132 (  38.21kB)

==============================================================================

